{"category": "api", "correlation_id": "185cd8f8-55b1-4d5c-8b7f-122a62cc5301", "method": "GET", "path": "/api/threads/6a4a20c4-317f-4e2d-9ff0-68ae80afc464/artifacts", "query_params": {}, "user_id": null, "http_event": "request_start", "event": "GET /api/threads/6a4a20c4-317f-4e2d-9ff0-68ae80afc464/artifacts", "timestamp": "2026-02-27T19:57:26.411337Z", "level": "info", "logger": "ba_assistant"}
{"category": "api", "correlation_id": "185cd8f8-55b1-4d5c-8b7f-122a62cc5301", "method": "GET", "path": "/api/threads/6a4a20c4-317f-4e2d-9ff0-68ae80afc464/artifacts", "status_code": 200, "duration_ms": 86.53, "user_id": null, "http_event": "request_complete", "event": "GET /api/threads/6a4a20c4-317f-4e2d-9ff0-68ae80afc464/artifacts 200", "timestamp": "2026-02-27T19:57:26.497864Z", "level": "info", "logger": "ba_assistant"}
HTTP Request: GET http://test/api/threads/6a4a20c4-317f-4e2d-9ff0-68ae80afc464/artifacts "HTTP/1.1 200 OK"
{"category": "api", "correlation_id": "7b6809b4-192d-4a71-99e3-5ff405a5a941", "method": "GET", "path": "/api/threads/03e68218-3648-42f4-b2e4-f271efa38b33/artifacts", "query_params": {}, "user_id": null, "http_event": "request_start", "event": "GET /api/threads/03e68218-3648-42f4-b2e4-f271efa38b33/artifacts", "timestamp": "2026-02-27T19:57:27.714839Z", "level": "info", "logger": "ba_assistant"}
{"category": "api", "correlation_id": "7b6809b4-192d-4a71-99e3-5ff405a5a941", "method": "GET", "path": "/api/threads/03e68218-3648-42f4-b2e4-f271efa38b33/artifacts", "status_code": 401, "duration_ms": 3.43, "user_id": null, "http_event": "request_complete", "event": "GET /api/threads/03e68218-3648-42f4-b2e4-f271efa38b33/artifacts 401", "timestamp": "2026-02-27T19:57:27.718204Z", "level": "warning", "logger": "ba_assistant"}
HTTP Request: GET http://test/api/threads/03e68218-3648-42f4-b2e4-f271efa38b33/artifacts "HTTP/1.1 401 Unauthorized"
{"category": "api", "correlation_id": "41701bbc-acc0-4d1d-9ddf-538002162dee", "method": "GET", "path": "/api/threads/6d32a390-bca9-4683-8f8e-bdd4ed839173/artifacts", "query_params": {}, "user_id": null, "http_event": "request_start", "event": "GET /api/threads/6d32a390-bca9-4683-8f8e-bdd4ed839173/artifacts", "timestamp": "2026-02-27T19:57:28.971174Z", "level": "info", "logger": "ba_assistant"}
{"category": "api", "correlation_id": "41701bbc-acc0-4d1d-9ddf-538002162dee", "method": "GET", "path": "/api/threads/6d32a390-bca9-4683-8f8e-bdd4ed839173/artifacts", "status_code": 404, "duration_ms": 27.92, "user_id": null, "http_event": "request_complete", "event": "GET /api/threads/6d32a390-bca9-4683-8f8e-bdd4ed839173/artifacts 404", "timestamp": "2026-02-27T19:57:28.999085Z", "level": "warning", "logger": "ba_assistant"}
HTTP Request: GET http://test/api/threads/6d32a390-bca9-4683-8f8e-bdd4ed839173/artifacts "HTTP/1.1 404 Not Found"
{"category": "api", "correlation_id": "ffdb244b-4b4c-4fb5-a446-7f0b3c5efee5", "method": "GET", "path": "/api/threads/12fe1d4b-7a92-4fbc-9b15-3d92b9385f54/artifacts", "query_params": {}, "user_id": null, "http_event": "request_start", "event": "GET /api/threads/12fe1d4b-7a92-4fbc-9b15-3d92b9385f54/artifacts", "timestamp": "2026-02-27T19:57:30.123059Z", "level": "info", "logger": "ba_assistant"}
{"category": "api", "correlation_id": "ffdb244b-4b4c-4fb5-a446-7f0b3c5efee5", "method": "GET", "path": "/api/threads/12fe1d4b-7a92-4fbc-9b15-3d92b9385f54/artifacts", "status_code": 404, "duration_ms": 59.3, "user_id": null, "http_event": "request_complete", "event": "GET /api/threads/12fe1d4b-7a92-4fbc-9b15-3d92b9385f54/artifacts 404", "timestamp": "2026-02-27T19:57:30.182324Z", "level": "warning", "logger": "ba_assistant"}
HTTP Request: GET http://test/api/threads/12fe1d4b-7a92-4fbc-9b15-3d92b9385f54/artifacts "HTTP/1.1 404 Not Found"
{"category": "api", "correlation_id": "aa8c73c3-5f46-496f-b3a9-03e9c8352ace", "method": "GET", "path": "/api/threads/36f6cac0-f091-45db-965b-47e9e09a17c1/artifacts", "query_params": {}, "user_id": null, "http_event": "request_start", "event": "GET /api/threads/36f6cac0-f091-45db-965b-47e9e09a17c1/artifacts", "timestamp": "2026-02-27T19:57:31.244892Z", "level": "info", "logger": "ba_assistant"}
{"category": "api", "correlation_id": "aa8c73c3-5f46-496f-b3a9-03e9c8352ace", "method": "GET", "path": "/api/threads/36f6cac0-f091-45db-965b-47e9e09a17c1/artifacts", "status_code": 200, "duration_ms": 92.22, "user_id": null, "http_event": "request_complete", "event": "GET /api/threads/36f6cac0-f091-45db-965b-47e9e09a17c1/artifacts 200", "timestamp": "2026-02-27T19:57:31.337042Z", "level": "info", "logger": "ba_assistant"}
HTTP Request: GET http://test/api/threads/36f6cac0-f091-45db-965b-47e9e09a17c1/artifacts "HTTP/1.1 200 OK"
{"category": "api", "correlation_id": "bb8381f7-9f43-478c-93a5-5e2a54ee997f", "method": "GET", "path": "/api/threads/72bd622a-f960-4781-a2f6-99a957b4db0c/artifacts", "query_params": {}, "user_id": null, "http_event": "request_start", "event": "GET /api/threads/72bd622a-f960-4781-a2f6-99a957b4db0c/artifacts", "timestamp": "2026-02-27T19:57:32.466022Z", "level": "info", "logger": "ba_assistant"}
{"category": "api", "correlation_id": "bb8381f7-9f43-478c-93a5-5e2a54ee997f", "method": "GET", "path": "/api/threads/72bd622a-f960-4781-a2f6-99a957b4db0c/artifacts", "status_code": 200, "duration_ms": 78.63, "user_id": null, "http_event": "request_complete", "event": "GET /api/threads/72bd622a-f960-4781-a2f6-99a957b4db0c/artifacts 200", "timestamp": "2026-02-27T19:57:32.544656Z", "level": "info", "logger": "ba_assistant"}
HTTP Request: GET http://test/api/threads/72bd622a-f960-4781-a2f6-99a957b4db0c/artifacts "HTTP/1.1 200 OK"
{"category": "api", "correlation_id": "26026525-0bad-4f94-a8f8-95b9a2123fbd", "method": "GET", "path": "/api/artifacts/c47d6fd7-a54d-4a1a-8938-f4a319b9f910", "query_params": {}, "user_id": null, "http_event": "request_start", "event": "GET /api/artifacts/c47d6fd7-a54d-4a1a-8938-f4a319b9f910", "timestamp": "2026-02-27T19:57:33.702161Z", "level": "info", "logger": "ba_assistant"}
{"category": "api", "correlation_id": "26026525-0bad-4f94-a8f8-95b9a2123fbd", "method": "GET", "path": "/api/artifacts/c47d6fd7-a54d-4a1a-8938-f4a319b9f910", "status_code": 200, "duration_ms": 86.17, "user_id": null, "http_event": "request_complete", "event": "GET /api/artifacts/c47d6fd7-a54d-4a1a-8938-f4a319b9f910 200", "timestamp": "2026-02-27T19:57:33.788280Z", "level": "info", "logger": "ba_assistant"}
HTTP Request: GET http://test/api/artifacts/c47d6fd7-a54d-4a1a-8938-f4a319b9f910 "HTTP/1.1 200 OK"
{"category": "api", "correlation_id": "51ca3016-7aa4-4ec9-8910-273d3b48a322", "method": "GET", "path": "/api/artifacts/ad0097dc-6ef6-4fe9-8268-959fc895c915", "query_params": {}, "user_id": null, "http_event": "request_start", "event": "GET /api/artifacts/ad0097dc-6ef6-4fe9-8268-959fc895c915", "timestamp": "2026-02-27T19:57:34.794713Z", "level": "info", "logger": "ba_assistant"}
{"category": "api", "correlation_id": "51ca3016-7aa4-4ec9-8910-273d3b48a322", "method": "GET", "path": "/api/artifacts/ad0097dc-6ef6-4fe9-8268-959fc895c915", "status_code": 401, "duration_ms": 5.76, "user_id": null, "http_event": "request_complete", "event": "GET /api/artifacts/ad0097dc-6ef6-4fe9-8268-959fc895c915 401", "timestamp": "2026-02-27T19:57:34.800467Z", "level": "warning", "logger": "ba_assistant"}
HTTP Request: GET http://test/api/artifacts/ad0097dc-6ef6-4fe9-8268-959fc895c915 "HTTP/1.1 401 Unauthorized"
{"category": "api", "correlation_id": "d98cef7f-b15e-494a-bbdf-40f0df94332b", "method": "GET", "path": "/api/artifacts/8f96c3e9-e0ca-4fa0-bfba-15e104ae7181", "query_params": {}, "user_id": null, "http_event": "request_start", "event": "GET /api/artifacts/8f96c3e9-e0ca-4fa0-bfba-15e104ae7181", "timestamp": "2026-02-27T19:57:35.850336Z", "level": "info", "logger": "ba_assistant"}
{"category": "api", "correlation_id": "d98cef7f-b15e-494a-bbdf-40f0df94332b", "method": "GET", "path": "/api/artifacts/8f96c3e9-e0ca-4fa0-bfba-15e104ae7181", "status_code": 404, "duration_ms": 29.62, "user_id": null, "http_event": "request_complete", "event": "GET /api/artifacts/8f96c3e9-e0ca-4fa0-bfba-15e104ae7181 404", "timestamp": "2026-02-27T19:57:35.879907Z", "level": "warning", "logger": "ba_assistant"}
HTTP Request: GET http://test/api/artifacts/8f96c3e9-e0ca-4fa0-bfba-15e104ae7181 "HTTP/1.1 404 Not Found"
{"category": "api", "correlation_id": "7fa71aad-c77d-47e5-a143-df5d14d153cb", "method": "GET", "path": "/api/artifacts/28ee103f-9d2f-43c4-a381-dcc9c916e66e", "query_params": {}, "user_id": null, "http_event": "request_start", "event": "GET /api/artifacts/28ee103f-9d2f-43c4-a381-dcc9c916e66e", "timestamp": "2026-02-27T19:57:37.069095Z", "level": "info", "logger": "ba_assistant"}
{"category": "api", "correlation_id": "7fa71aad-c77d-47e5-a143-df5d14d153cb", "method": "GET", "path": "/api/artifacts/28ee103f-9d2f-43c4-a381-dcc9c916e66e", "status_code": 404, "duration_ms": 75.36, "user_id": null, "http_event": "request_complete", "event": "GET /api/artifacts/28ee103f-9d2f-43c4-a381-dcc9c916e66e 404", "timestamp": "2026-02-27T19:57:37.144441Z", "level": "warning", "logger": "ba_assistant"}
HTTP Request: GET http://test/api/artifacts/28ee103f-9d2f-43c4-a381-dcc9c916e66e "HTTP/1.1 404 Not Found"
{"category": "api", "correlation_id": "c651b08c-e2b4-4cf1-856d-5eff9e1c55fe", "method": "GET", "path": "/api/artifacts/479fc1b5-d279-4fb4-a230-ad0c09edef2f", "query_params": {}, "user_id": null, "http_event": "request_start", "event": "GET /api/artifacts/479fc1b5-d279-4fb4-a230-ad0c09edef2f", "timestamp": "2026-02-27T19:57:38.264936Z", "level": "info", "logger": "ba_assistant"}
{"category": "api", "correlation_id": "c651b08c-e2b4-4cf1-856d-5eff9e1c55fe", "method": "GET", "path": "/api/artifacts/479fc1b5-d279-4fb4-a230-ad0c09edef2f", "status_code": 200, "duration_ms": 78.72, "user_id": null, "http_event": "request_complete", "event": "GET /api/artifacts/479fc1b5-d279-4fb4-a230-ad0c09edef2f 200", "timestamp": "2026-02-27T19:57:38.343634Z", "level": "info", "logger": "ba_assistant"}
HTTP Request: GET http://test/api/artifacts/479fc1b5-d279-4fb4-a230-ad0c09edef2f "HTTP/1.1 200 OK"
{"category": "api", "correlation_id": "db37a088-9acd-4177-be05-48d041aea79a", "method": "GET", "path": "/api/artifacts/58ce0dc4-24bc-4e88-9cdc-032934cb817e/export/md", "query_params": {}, "user_id": null, "http_event": "request_start", "event": "GET /api/artifacts/58ce0dc4-24bc-4e88-9cdc-032934cb817e/export/md", "timestamp": "2026-02-27T19:57:39.473032Z", "level": "info", "logger": "ba_assistant"}
{"category": "api", "correlation_id": "db37a088-9acd-4177-be05-48d041aea79a", "method": "GET", "path": "/api/artifacts/58ce0dc4-24bc-4e88-9cdc-032934cb817e/export/md", "status_code": 200, "duration_ms": 79.06, "user_id": null, "http_event": "request_complete", "event": "GET /api/artifacts/58ce0dc4-24bc-4e88-9cdc-032934cb817e/export/md 200", "timestamp": "2026-02-27T19:57:39.552083Z", "level": "info", "logger": "ba_assistant"}
HTTP Request: GET http://test/api/artifacts/58ce0dc4-24bc-4e88-9cdc-032934cb817e/export/md "HTTP/1.1 200 OK"
{"category": "api", "correlation_id": "ae1b030a-c496-4f7e-8eaf-7174d34c8c08", "method": "GET", "path": "/api/artifacts/3eed8a20-07c4-44ff-85dd-91a916035707/export/docx", "query_params": {}, "user_id": null, "http_event": "request_start", "event": "GET /api/artifacts/3eed8a20-07c4-44ff-85dd-91a916035707/export/docx", "timestamp": "2026-02-27T19:57:40.678596Z", "level": "info", "logger": "ba_assistant"}
{"category": "api", "correlation_id": "ae1b030a-c496-4f7e-8eaf-7174d34c8c08", "method": "GET", "path": "/api/artifacts/3eed8a20-07c4-44ff-85dd-91a916035707/export/docx", "status_code": 200, "duration_ms": 118.71, "user_id": null, "http_event": "request_complete", "event": "GET /api/artifacts/3eed8a20-07c4-44ff-85dd-91a916035707/export/docx 200", "timestamp": "2026-02-27T19:57:40.797276Z", "level": "info", "logger": "ba_assistant"}
HTTP Request: GET http://test/api/artifacts/3eed8a20-07c4-44ff-85dd-91a916035707/export/docx "HTTP/1.1 200 OK"
{"category": "api", "correlation_id": "e7d38754-4da5-4f34-b457-7957c3ab9a3c", "method": "GET", "path": "/api/artifacts/17444808-691a-4730-8e8c-63a291e09207/export/pdf", "query_params": {}, "user_id": null, "http_event": "request_start", "event": "GET /api/artifacts/17444808-691a-4730-8e8c-63a291e09207/export/pdf", "timestamp": "2026-02-27T19:57:41.994971Z", "level": "info", "logger": "ba_assistant"}
Export pdf failed (ImportError): PDF export requires WeasyPrint with GTK3. On Windows, install GTK3 or use Docker/Linux. Original error: cannot import name 'Element' from 'defusedxml.ElementTree' (/home/i_tsvetkov/XtraSkill/backend/.venv/lib/python3.12/site-packages/defusedxml/ElementTree.py)
Traceback (most recent call last):
  File "/home/i_tsvetkov/XtraSkill/backend/app/services/export_service.py", line 59, in export_pdf
    from weasyprint import HTML
  File "/home/i_tsvetkov/XtraSkill/backend/.venv/lib/python3.12/site-packages/weasyprint/__init__.py", line 440, in <module>
    from .css import preprocess_stylesheet  # noqa: I001, E402
    ^^^^^^^^^^^^^^^^^^^^^^^^^^^^^^^^^^^^^^
  File "/home/i_tsvetkov/XtraSkill/backend/.venv/lib/python3.12/site-packages/weasyprint/css/__init__.py", line 30, in <module>
    from ..text.fonts import FontConfiguration
  File "/home/i_tsvetkov/XtraSkill/backend/.venv/lib/python3.12/site-packages/weasyprint/text/fonts.py", line 10, in <module>
    from xml.etree.ElementTree import Element, SubElement, tostring
ImportError: cannot import name 'Element' from 'defusedxml.ElementTree' (/home/i_tsvetkov/XtraSkill/backend/.venv/lib/python3.12/site-packages/defusedxml/ElementTree.py)

During handling of the above exception, another exception occurred:

Traceback (most recent call last):
  File "/home/i_tsvetkov/XtraSkill/backend/app/routes/artifacts.py", line 219, in export_artifact
    buffer = await asyncio.to_thread(export_pdf, artifact)
             ^^^^^^^^^^^^^^^^^^^^^^^^^^^^^^^^^^^^^^^^^^^^^
  File "/usr/lib/python3.12/asyncio/threads.py", line 25, in to_thread
    return await loop.run_in_executor(None, func_call)
           ^^^^^^^^^^^^^^^^^^^^^^^^^^^^^^^^^^^^^^^^^^^
  File "/usr/lib/python3.12/concurrent/futures/thread.py", line 58, in run
    result = self.fn(*self.args, **self.kwargs)
             ^^^^^^^^^^^^^^^^^^^^^^^^^^^^^^^^^^
  File "/home/i_tsvetkov/XtraSkill/backend/app/services/export_service.py", line 61, in export_pdf
    raise ImportError(
ImportError: PDF export requires WeasyPrint with GTK3. On Windows, install GTK3 or use Docker/Linux. Original error: cannot import name 'Element' from 'defusedxml.ElementTree' (/home/i_tsvetkov/XtraSkill/backend/.venv/lib/python3.12/site-packages/defusedxml/ElementTree.py)
{"category": "api", "correlation_id": "e7d38754-4da5-4f34-b457-7957c3ab9a3c", "method": "GET", "path": "/api/artifacts/17444808-691a-4730-8e8c-63a291e09207/export/pdf", "status_code": 500, "duration_ms": 279.8, "user_id": null, "http_event": "request_complete", "event": "GET /api/artifacts/17444808-691a-4730-8e8c-63a291e09207/export/pdf 500", "timestamp": "2026-02-27T19:57:42.274730Z", "level": "error", "logger": "ba_assistant"}
HTTP Request: GET http://test/api/artifacts/17444808-691a-4730-8e8c-63a291e09207/export/pdf "HTTP/1.1 500 Internal Server Error"
{"category": "api", "correlation_id": "2a70e5f8-cf46-4eff-a322-24c80618e1b9", "method": "GET", "path": "/api/artifacts/a45b023c-d5e4-4738-8f1e-14a80f88f222/export/md", "query_params": {}, "user_id": null, "http_event": "request_start", "event": "GET /api/artifacts/a45b023c-d5e4-4738-8f1e-14a80f88f222/export/md", "timestamp": "2026-02-27T19:57:43.325290Z", "level": "info", "logger": "ba_assistant"}
{"category": "api", "correlation_id": "2a70e5f8-cf46-4eff-a322-24c80618e1b9", "method": "GET", "path": "/api/artifacts/a45b023c-d5e4-4738-8f1e-14a80f88f222/export/md", "status_code": 401, "duration_ms": 7.77, "user_id": null, "http_event": "request_complete", "event": "GET /api/artifacts/a45b023c-d5e4-4738-8f1e-14a80f88f222/export/md 401", "timestamp": "2026-02-27T19:57:43.333010Z", "level": "warning", "logger": "ba_assistant"}
HTTP Request: GET http://test/api/artifacts/a45b023c-d5e4-4738-8f1e-14a80f88f222/export/md "HTTP/1.1 401 Unauthorized"
{"category": "api", "correlation_id": "694f5e8a-3fd3-4ec5-b764-fac6abdce617", "method": "GET", "path": "/api/artifacts/f2c40401-672d-4a6f-aace-2742bd288761/export/md", "query_params": {}, "user_id": null, "http_event": "request_start", "event": "GET /api/artifacts/f2c40401-672d-4a6f-aace-2742bd288761/export/md", "timestamp": "2026-02-27T19:57:44.371830Z", "level": "info", "logger": "ba_assistant"}
{"category": "api", "correlation_id": "694f5e8a-3fd3-4ec5-b764-fac6abdce617", "method": "GET", "path": "/api/artifacts/f2c40401-672d-4a6f-aace-2742bd288761/export/md", "status_code": 404, "duration_ms": 29.13, "user_id": null, "http_event": "request_complete", "event": "GET /api/artifacts/f2c40401-672d-4a6f-aace-2742bd288761/export/md 404", "timestamp": "2026-02-27T19:57:44.400962Z", "level": "warning", "logger": "ba_assistant"}
HTTP Request: GET http://test/api/artifacts/f2c40401-672d-4a6f-aace-2742bd288761/export/md "HTTP/1.1 404 Not Found"
{"category": "api", "correlation_id": "ef65aa6f-f731-4b61-9cb7-2560ee5ef902", "method": "GET", "path": "/api/artifacts/14d16228-24c5-49c6-8c1a-03b5a8d40c57/export/md", "query_params": {}, "user_id": null, "http_event": "request_start", "event": "GET /api/artifacts/14d16228-24c5-49c6-8c1a-03b5a8d40c57/export/md", "timestamp": "2026-02-27T19:57:45.559862Z", "level": "info", "logger": "ba_assistant"}
{"category": "api", "correlation_id": "ef65aa6f-f731-4b61-9cb7-2560ee5ef902", "method": "GET", "path": "/api/artifacts/14d16228-24c5-49c6-8c1a-03b5a8d40c57/export/md", "status_code": 200, "duration_ms": 69.69, "user_id": null, "http_event": "request_complete", "event": "GET /api/artifacts/14d16228-24c5-49c6-8c1a-03b5a8d40c57/export/md 200", "timestamp": "2026-02-27T19:57:45.629514Z", "level": "info", "logger": "ba_assistant"}
HTTP Request: GET http://test/api/artifacts/14d16228-24c5-49c6-8c1a-03b5a8d40c57/export/md "HTTP/1.1 200 OK"
{"category": "api", "correlation_id": "b612984b-90ca-4774-9023-3d440f73a283", "method": "GET", "path": "/api/artifacts/0e6dbc09-5ea3-49a3-9550-c640147d5299/export/md", "query_params": {}, "user_id": null, "http_event": "request_start", "event": "GET /api/artifacts/0e6dbc09-5ea3-49a3-9550-c640147d5299/export/md", "timestamp": "2026-02-27T19:57:46.808699Z", "level": "info", "logger": "ba_assistant"}
{"category": "api", "correlation_id": "b612984b-90ca-4774-9023-3d440f73a283", "method": "GET", "path": "/api/artifacts/0e6dbc09-5ea3-49a3-9550-c640147d5299/export/md", "status_code": 404, "duration_ms": 87.34, "user_id": null, "http_event": "request_complete", "event": "GET /api/artifacts/0e6dbc09-5ea3-49a3-9550-c640147d5299/export/md 404", "timestamp": "2026-02-27T19:57:46.896018Z", "level": "warning", "logger": "ba_assistant"}
HTTP Request: GET http://test/api/artifacts/0e6dbc09-5ea3-49a3-9550-c640147d5299/export/md "HTTP/1.1 404 Not Found"
{"category": "api", "correlation_id": "76d6212c-f3a6-4dbc-a034-6774ee41a629", "method": "GET", "path": "/api/threads/7638c60b-26ee-4c4f-99a5-a335021d36dc/artifacts", "query_params": {}, "user_id": null, "http_event": "request_start", "event": "GET /api/threads/7638c60b-26ee-4c4f-99a5-a335021d36dc/artifacts", "timestamp": "2026-02-27T19:57:47.995893Z", "level": "info", "logger": "ba_assistant"}
{"category": "api", "correlation_id": "76d6212c-f3a6-4dbc-a034-6774ee41a629", "method": "GET", "path": "/api/threads/7638c60b-26ee-4c4f-99a5-a335021d36dc/artifacts", "status_code": 200, "duration_ms": 58.08, "user_id": null, "http_event": "request_complete", "event": "GET /api/threads/7638c60b-26ee-4c4f-99a5-a335021d36dc/artifacts 200", "timestamp": "2026-02-27T19:57:48.053874Z", "level": "info", "logger": "ba_assistant"}
HTTP Request: GET http://test/api/threads/7638c60b-26ee-4c4f-99a5-a335021d36dc/artifacts "HTTP/1.1 200 OK"
{"category": "api", "correlation_id": "8b9ac459-530e-4477-bafc-6c00aa64aa62", "method": "GET", "path": "/api/artifacts/6daadae0-4fb0-4820-958a-22bfe1d149d3/export/md", "query_params": {}, "user_id": null, "http_event": "request_start", "event": "GET /api/artifacts/6daadae0-4fb0-4820-958a-22bfe1d149d3/export/md", "timestamp": "2026-02-27T19:58:11.348206Z", "level": "info", "logger": "ba_assistant"}
{"category": "api", "correlation_id": "8b9ac459-530e-4477-bafc-6c00aa64aa62", "method": "GET", "path": "/api/artifacts/6daadae0-4fb0-4820-958a-22bfe1d149d3/export/md", "status_code": 200, "duration_ms": 93.82, "user_id": null, "http_event": "request_complete", "event": "GET /api/artifacts/6daadae0-4fb0-4820-958a-22bfe1d149d3/export/md 200", "timestamp": "2026-02-27T19:58:11.442061Z", "level": "info", "logger": "ba_assistant"}
HTTP Request: GET http://test/api/artifacts/6daadae0-4fb0-4820-958a-22bfe1d149d3/export/md "HTTP/1.1 200 OK"
{"category": "api", "correlation_id": "80d84535-6cd0-48a4-8db1-1108b410b8d5", "method": "GET", "path": "/api/artifacts/1c0c3176-34dc-4c82-a0f6-4deea56a0be5/export/docx", "query_params": {}, "user_id": null, "http_event": "request_start", "event": "GET /api/artifacts/1c0c3176-34dc-4c82-a0f6-4deea56a0be5/export/docx", "timestamp": "2026-02-27T19:58:12.632234Z", "level": "info", "logger": "ba_assistant"}
{"category": "api", "correlation_id": "80d84535-6cd0-48a4-8db1-1108b410b8d5", "method": "GET", "path": "/api/artifacts/1c0c3176-34dc-4c82-a0f6-4deea56a0be5/export/docx", "status_code": 200, "duration_ms": 110.92, "user_id": null, "http_event": "request_complete", "event": "GET /api/artifacts/1c0c3176-34dc-4c82-a0f6-4deea56a0be5/export/docx 200", "timestamp": "2026-02-27T19:58:12.743164Z", "level": "info", "logger": "ba_assistant"}
HTTP Request: GET http://test/api/artifacts/1c0c3176-34dc-4c82-a0f6-4deea56a0be5/export/docx "HTTP/1.1 200 OK"
{"category": "api", "correlation_id": "7c94740e-c1f2-4b45-abbc-b1d887acbdab", "method": "GET", "path": "/api/artifacts/cf9723f5-4550-48d6-bb40-47c9dec79ee3/export/pdf", "query_params": {}, "user_id": null, "http_event": "request_start", "event": "GET /api/artifacts/cf9723f5-4550-48d6-bb40-47c9dec79ee3/export/pdf", "timestamp": "2026-02-27T19:58:13.969805Z", "level": "info", "logger": "ba_assistant"}
Export pdf failed (ImportError): PDF export requires WeasyPrint with GTK3. On Windows, install GTK3 or use Docker/Linux. Original error: cannot import name 'Element' from 'defusedxml.ElementTree' (/home/i_tsvetkov/XtraSkill/backend/.venv/lib/python3.12/site-packages/defusedxml/ElementTree.py)
Traceback (most recent call last):
  File "/home/i_tsvetkov/XtraSkill/backend/app/services/export_service.py", line 59, in export_pdf
    from weasyprint import HTML
  File "/home/i_tsvetkov/XtraSkill/backend/.venv/lib/python3.12/site-packages/weasyprint/__init__.py", line 440, in <module>
    from .css import preprocess_stylesheet  # noqa: I001, E402
    ^^^^^^^^^^^^^^^^^^^^^^^^^^^^^^^^^^^^^^
  File "/home/i_tsvetkov/XtraSkill/backend/.venv/lib/python3.12/site-packages/weasyprint/css/__init__.py", line 30, in <module>
    from ..text.fonts import FontConfiguration
  File "/home/i_tsvetkov/XtraSkill/backend/.venv/lib/python3.12/site-packages/weasyprint/text/fonts.py", line 10, in <module>
    from xml.etree.ElementTree import Element, SubElement, tostring
ImportError: cannot import name 'Element' from 'defusedxml.ElementTree' (/home/i_tsvetkov/XtraSkill/backend/.venv/lib/python3.12/site-packages/defusedxml/ElementTree.py)

During handling of the above exception, another exception occurred:

Traceback (most recent call last):
  File "/home/i_tsvetkov/XtraSkill/backend/app/routes/artifacts.py", line 219, in export_artifact
    buffer = await asyncio.to_thread(export_pdf, artifact)
             ^^^^^^^^^^^^^^^^^^^^^^^^^^^^^^^^^^^^^^^^^^^^^
  File "/usr/lib/python3.12/asyncio/threads.py", line 25, in to_thread
    return await loop.run_in_executor(None, func_call)
           ^^^^^^^^^^^^^^^^^^^^^^^^^^^^^^^^^^^^^^^^^^^
  File "/usr/lib/python3.12/concurrent/futures/thread.py", line 58, in run
    result = self.fn(*self.args, **self.kwargs)
             ^^^^^^^^^^^^^^^^^^^^^^^^^^^^^^^^^^
  File "/home/i_tsvetkov/XtraSkill/backend/app/services/export_service.py", line 61, in export_pdf
    raise ImportError(
ImportError: PDF export requires WeasyPrint with GTK3. On Windows, install GTK3 or use Docker/Linux. Original error: cannot import name 'Element' from 'defusedxml.ElementTree' (/home/i_tsvetkov/XtraSkill/backend/.venv/lib/python3.12/site-packages/defusedxml/ElementTree.py)
{"category": "api", "correlation_id": "7c94740e-c1f2-4b45-abbc-b1d887acbdab", "method": "GET", "path": "/api/artifacts/cf9723f5-4550-48d6-bb40-47c9dec79ee3/export/pdf", "status_code": 500, "duration_ms": 274.4, "user_id": null, "http_event": "request_complete", "event": "GET /api/artifacts/cf9723f5-4550-48d6-bb40-47c9dec79ee3/export/pdf 500", "timestamp": "2026-02-27T19:58:14.244215Z", "level": "error", "logger": "ba_assistant"}
HTTP Request: GET http://test/api/artifacts/cf9723f5-4550-48d6-bb40-47c9dec79ee3/export/pdf "HTTP/1.1 500 Internal Server Error"
{"category": "api", "correlation_id": "7b1f3258-24c5-4a5e-809c-79e4d6c27bf7", "method": "GET", "path": "/api/artifacts/ae8af600-450b-426e-9c8b-c33f17ba2a4c/export/md", "query_params": {}, "user_id": null, "http_event": "request_start", "event": "GET /api/artifacts/ae8af600-450b-426e-9c8b-c33f17ba2a4c/export/md", "timestamp": "2026-02-27T19:58:15.539272Z", "level": "info", "logger": "ba_assistant"}
{"category": "api", "correlation_id": "7b1f3258-24c5-4a5e-809c-79e4d6c27bf7", "method": "GET", "path": "/api/artifacts/ae8af600-450b-426e-9c8b-c33f17ba2a4c/export/md", "status_code": 401, "duration_ms": 3.3, "user_id": null, "http_event": "request_complete", "event": "GET /api/artifacts/ae8af600-450b-426e-9c8b-c33f17ba2a4c/export/md 401", "timestamp": "2026-02-27T19:58:15.542543Z", "level": "warning", "logger": "ba_assistant"}
HTTP Request: GET http://test/api/artifacts/ae8af600-450b-426e-9c8b-c33f17ba2a4c/export/md "HTTP/1.1 401 Unauthorized"
{"category": "api", "correlation_id": "fd420dbe-feda-45f5-9da4-516fb8d3862e", "method": "GET", "path": "/api/artifacts/7df60b65-f2fa-4bc3-a707-4e9808b6530b/export/md", "query_params": {}, "user_id": null, "http_event": "request_start", "event": "GET /api/artifacts/7df60b65-f2fa-4bc3-a707-4e9808b6530b/export/md", "timestamp": "2026-02-27T19:58:16.625631Z", "level": "info", "logger": "ba_assistant"}
{"category": "api", "correlation_id": "fd420dbe-feda-45f5-9da4-516fb8d3862e", "method": "GET", "path": "/api/artifacts/7df60b65-f2fa-4bc3-a707-4e9808b6530b/export/md", "status_code": 404, "duration_ms": 37.66, "user_id": null, "http_event": "request_complete", "event": "GET /api/artifacts/7df60b65-f2fa-4bc3-a707-4e9808b6530b/export/md 404", "timestamp": "2026-02-27T19:58:16.663261Z", "level": "warning", "logger": "ba_assistant"}
HTTP Request: GET http://test/api/artifacts/7df60b65-f2fa-4bc3-a707-4e9808b6530b/export/md "HTTP/1.1 404 Not Found"
{"category": "api", "correlation_id": "1ad829a9-697e-4e67-9c8b-1d368ef95d77", "method": "GET", "path": "/api/artifacts/21e34726-0abf-438b-914b-b6bda8e3e559/export/md", "query_params": {}, "user_id": null, "http_event": "request_start", "event": "GET /api/artifacts/21e34726-0abf-438b-914b-b6bda8e3e559/export/md", "timestamp": "2026-02-27T19:58:17.804940Z", "level": "info", "logger": "ba_assistant"}
{"category": "api", "correlation_id": "1ad829a9-697e-4e67-9c8b-1d368ef95d77", "method": "GET", "path": "/api/artifacts/21e34726-0abf-438b-914b-b6bda8e3e559/export/md", "status_code": 200, "duration_ms": 87.11, "user_id": null, "http_event": "request_complete", "event": "GET /api/artifacts/21e34726-0abf-438b-914b-b6bda8e3e559/export/md 200", "timestamp": "2026-02-27T19:58:17.892020Z", "level": "info", "logger": "ba_assistant"}
HTTP Request: GET http://test/api/artifacts/21e34726-0abf-438b-914b-b6bda8e3e559/export/md "HTTP/1.1 200 OK"
{"category": "api", "correlation_id": "f4bd2cdb-93e0-4fe9-8239-32e70dbb63e5", "method": "GET", "path": "/api/artifacts/4b525858-4a81-4ee1-83c9-80f73e70aa17/export/md", "query_params": {}, "user_id": null, "http_event": "request_start", "event": "GET /api/artifacts/4b525858-4a81-4ee1-83c9-80f73e70aa17/export/md", "timestamp": "2026-02-27T19:58:19.152280Z", "level": "info", "logger": "ba_assistant"}
{"category": "api", "correlation_id": "f4bd2cdb-93e0-4fe9-8239-32e70dbb63e5", "method": "GET", "path": "/api/artifacts/4b525858-4a81-4ee1-83c9-80f73e70aa17/export/md", "status_code": 404, "duration_ms": 75.4, "user_id": null, "http_event": "request_complete", "event": "GET /api/artifacts/4b525858-4a81-4ee1-83c9-80f73e70aa17/export/md 404", "timestamp": "2026-02-27T19:58:19.227692Z", "level": "warning", "logger": "ba_assistant"}
HTTP Request: GET http://test/api/artifacts/4b525858-4a81-4ee1-83c9-80f73e70aa17/export/md "HTTP/1.1 404 Not Found"
{"category": "api", "correlation_id": "40e4d9ad-de11-47f4-938e-edc8e90e4ef0", "method": "GET", "path": "/api/artifacts/e8a0276f-74ee-45fb-bca3-df769bc6966b/export/md", "query_params": {}, "user_id": null, "http_event": "request_start", "event": "GET /api/artifacts/e8a0276f-74ee-45fb-bca3-df769bc6966b/export/md", "timestamp": "2026-02-27T19:58:20.363378Z", "level": "info", "logger": "ba_assistant"}
{"category": "api", "correlation_id": "40e4d9ad-de11-47f4-938e-edc8e90e4ef0", "method": "GET", "path": "/api/artifacts/e8a0276f-74ee-45fb-bca3-df769bc6966b/export/md", "status_code": 200, "duration_ms": 67.09, "user_id": null, "http_event": "request_complete", "event": "GET /api/artifacts/e8a0276f-74ee-45fb-bca3-df769bc6966b/export/md 200", "timestamp": "2026-02-27T19:58:20.430420Z", "level": "info", "logger": "ba_assistant"}
HTTP Request: GET http://test/api/artifacts/e8a0276f-74ee-45fb-bca3-df769bc6966b/export/md "HTTP/1.1 200 OK"
{"category": "api", "correlation_id": "fc334b99-b156-4b2e-8f16-fb72a5470633", "method": "GET", "path": "/api/artifacts/c6739961-f6f3-4990-9f02-aae1c978f95b/export/pdf", "query_params": {}, "user_id": null, "http_event": "request_start", "event": "GET /api/artifacts/c6739961-f6f3-4990-9f02-aae1c978f95b/export/pdf", "timestamp": "2026-02-27T19:59:14.589358Z", "level": "info", "logger": "ba_assistant"}
Export pdf failed (ImportError): PDF export requires WeasyPrint with GTK3. On Windows, install GTK3 or use Docker/Linux. Original error: cannot import name 'Element' from 'defusedxml.ElementTree' (/home/i_tsvetkov/XtraSkill/backend/.venv/lib/python3.12/site-packages/defusedxml/ElementTree.py)
Traceback (most recent call last):
  File "/home/i_tsvetkov/XtraSkill/backend/app/services/export_service.py", line 59, in export_pdf
    from weasyprint import HTML
  File "/home/i_tsvetkov/XtraSkill/backend/.venv/lib/python3.12/site-packages/weasyprint/__init__.py", line 440, in <module>
    from .css import preprocess_stylesheet  # noqa: I001, E402
    ^^^^^^^^^^^^^^^^^^^^^^^^^^^^^^^^^^^^^^
  File "/home/i_tsvetkov/XtraSkill/backend/.venv/lib/python3.12/site-packages/weasyprint/css/__init__.py", line 30, in <module>
    from ..text.fonts import FontConfiguration
  File "/home/i_tsvetkov/XtraSkill/backend/.venv/lib/python3.12/site-packages/weasyprint/text/fonts.py", line 10, in <module>
    from xml.etree.ElementTree import Element, SubElement, tostring
ImportError: cannot import name 'Element' from 'defusedxml.ElementTree' (/home/i_tsvetkov/XtraSkill/backend/.venv/lib/python3.12/site-packages/defusedxml/ElementTree.py)

During handling of the above exception, another exception occurred:

Traceback (most recent call last):
  File "/home/i_tsvetkov/XtraSkill/backend/app/routes/artifacts.py", line 219, in export_artifact
    buffer = await asyncio.to_thread(export_pdf, artifact)
             ^^^^^^^^^^^^^^^^^^^^^^^^^^^^^^^^^^^^^^^^^^^^^
  File "/usr/lib/python3.12/asyncio/threads.py", line 25, in to_thread
    return await loop.run_in_executor(None, func_call)
           ^^^^^^^^^^^^^^^^^^^^^^^^^^^^^^^^^^^^^^^^^^^
  File "/usr/lib/python3.12/concurrent/futures/thread.py", line 58, in run
    result = self.fn(*self.args, **self.kwargs)
             ^^^^^^^^^^^^^^^^^^^^^^^^^^^^^^^^^^
  File "/home/i_tsvetkov/XtraSkill/backend/app/services/export_service.py", line 61, in export_pdf
    raise ImportError(
ImportError: PDF export requires WeasyPrint with GTK3. On Windows, install GTK3 or use Docker/Linux. Original error: cannot import name 'Element' from 'defusedxml.ElementTree' (/home/i_tsvetkov/XtraSkill/backend/.venv/lib/python3.12/site-packages/defusedxml/ElementTree.py)
{"category": "api", "correlation_id": "fc334b99-b156-4b2e-8f16-fb72a5470633", "method": "GET", "path": "/api/artifacts/c6739961-f6f3-4990-9f02-aae1c978f95b/export/pdf", "status_code": 500, "duration_ms": 299.99, "user_id": null, "http_event": "request_complete", "event": "GET /api/artifacts/c6739961-f6f3-4990-9f02-aae1c978f95b/export/pdf 500", "timestamp": "2026-02-27T19:59:14.889286Z", "level": "error", "logger": "ba_assistant"}
HTTP Request: GET http://test/api/artifacts/c6739961-f6f3-4990-9f02-aae1c978f95b/export/pdf "HTTP/1.1 500 Internal Server Error"
{"category": "api", "correlation_id": "1ccf537e-f25e-4542-812d-20d74bc6a20d", "method": "GET", "path": "/api/artifacts/749b90a1-2d75-435a-a6c5-9cff178cc5c9/export/pdf", "query_params": {}, "user_id": null, "http_event": "request_start", "event": "GET /api/artifacts/749b90a1-2d75-435a-a6c5-9cff178cc5c9/export/pdf", "timestamp": "2026-02-27T19:59:53.952698Z", "level": "info", "logger": "ba_assistant"}
{"category": "api", "correlation_id": "1ccf537e-f25e-4542-812d-20d74bc6a20d", "method": "GET", "path": "/api/artifacts/749b90a1-2d75-435a-a6c5-9cff178cc5c9/export/pdf", "status_code": 500, "duration_ms": 114.79, "user_id": null, "http_event": "request_complete", "event": "GET /api/artifacts/749b90a1-2d75-435a-a6c5-9cff178cc5c9/export/pdf 500", "timestamp": "2026-02-27T19:59:54.067406Z", "level": "error", "logger": "ba_assistant"}
HTTP Request: GET http://test/api/artifacts/749b90a1-2d75-435a-a6c5-9cff178cc5c9/export/pdf "HTTP/1.1 500 Internal Server Error"
{"category": "api", "correlation_id": "533fb59f-6c89-4bee-a62b-23282f6ec14b", "method": "GET", "path": "/api/artifacts/bedf97e0-6a50-4d5c-a08e-888414785dc1/export/pdf", "query_params": {}, "user_id": null, "http_event": "request_start", "event": "GET /api/artifacts/bedf97e0-6a50-4d5c-a08e-888414785dc1/export/pdf", "timestamp": "2026-02-27T20:00:13.876332Z", "level": "info", "logger": "ba_assistant"}
Export pdf failed (ImportError): PDF export requires WeasyPrint with GTK3. On Windows, install GTK3 or use Docker/Linux. Original error: cannot import name 'Element' from 'defusedxml.ElementTree' (/home/i_tsvetkov/XtraSkill/backend/.venv/lib/python3.12/site-packages/defusedxml/ElementTree.py)
Traceback (most recent call last):
  File "/home/i_tsvetkov/XtraSkill/backend/app/services/export_service.py", line 59, in export_pdf
    from weasyprint import HTML
  File "/home/i_tsvetkov/XtraSkill/backend/.venv/lib/python3.12/site-packages/weasyprint/__init__.py", line 440, in <module>
    from .css import preprocess_stylesheet  # noqa: I001, E402
    ^^^^^^^^^^^^^^^^^^^^^^^^^^^^^^^^^^^^^^
  File "/home/i_tsvetkov/XtraSkill/backend/.venv/lib/python3.12/site-packages/weasyprint/css/__init__.py", line 30, in <module>
    from ..text.fonts import FontConfiguration
  File "/home/i_tsvetkov/XtraSkill/backend/.venv/lib/python3.12/site-packages/weasyprint/text/fonts.py", line 10, in <module>
    from xml.etree.ElementTree import Element, SubElement, tostring
ImportError: cannot import name 'Element' from 'defusedxml.ElementTree' (/home/i_tsvetkov/XtraSkill/backend/.venv/lib/python3.12/site-packages/defusedxml/ElementTree.py)

During handling of the above exception, another exception occurred:

Traceback (most recent call last):
  File "/home/i_tsvetkov/XtraSkill/backend/app/routes/artifacts.py", line 219, in export_artifact
    buffer = await asyncio.to_thread(export_pdf, artifact)
             ^^^^^^^^^^^^^^^^^^^^^^^^^^^^^^^^^^^^^^^^^^^^^
  File "/usr/lib/python3.12/asyncio/threads.py", line 25, in to_thread
    return await loop.run_in_executor(None, func_call)
           ^^^^^^^^^^^^^^^^^^^^^^^^^^^^^^^^^^^^^^^^^^^
  File "/usr/lib/python3.12/concurrent/futures/thread.py", line 58, in run
    result = self.fn(*self.args, **self.kwargs)
             ^^^^^^^^^^^^^^^^^^^^^^^^^^^^^^^^^^
  File "/home/i_tsvetkov/XtraSkill/backend/app/services/export_service.py", line 61, in export_pdf
    raise ImportError(
ImportError: PDF export requires WeasyPrint with GTK3. On Windows, install GTK3 or use Docker/Linux. Original error: cannot import name 'Element' from 'defusedxml.ElementTree' (/home/i_tsvetkov/XtraSkill/backend/.venv/lib/python3.12/site-packages/defusedxml/ElementTree.py)
{"category": "api", "correlation_id": "533fb59f-6c89-4bee-a62b-23282f6ec14b", "method": "GET", "path": "/api/artifacts/bedf97e0-6a50-4d5c-a08e-888414785dc1/export/pdf", "status_code": 500, "duration_ms": 425.51, "user_id": null, "http_event": "request_complete", "event": "GET /api/artifacts/bedf97e0-6a50-4d5c-a08e-888414785dc1/export/pdf 500", "timestamp": "2026-02-27T20:00:14.301855Z", "level": "error", "logger": "ba_assistant"}
HTTP Request: GET http://test/api/artifacts/bedf97e0-6a50-4d5c-a08e-888414785dc1/export/pdf "HTTP/1.1 500 Internal Server Error"
{"category": "api", "correlation_id": "79f11ad2-bb1e-4a80-b8ec-871fc7e55a2a", "method": "GET", "path": "/api/artifacts/427b8a73-6f6c-49e9-a7ec-c1ebcb4243c5/export/pdf", "query_params": {}, "user_id": null, "http_event": "request_start", "event": "GET /api/artifacts/427b8a73-6f6c-49e9-a7ec-c1ebcb4243c5/export/pdf", "timestamp": "2026-02-27T20:01:07.402092Z", "level": "info", "logger": "ba_assistant"}
Export pdf failed (ImportError): PDF export requires WeasyPrint with GTK3. On Windows, install GTK3 or use Docker/Linux. Original error: module xml.etree.ElementTree not in sys.modules
Traceback (most recent call last):
  File "/home/i_tsvetkov/XtraSkill/backend/app/services/export_service.py", line 66, in export_pdf
    importlib.reload(_real_et)
  File "/usr/lib/python3.12/importlib/__init__.py", line 111, in reload
    raise ImportError(f"module {name} not in sys.modules", name=name)
ImportError: module xml.etree.ElementTree not in sys.modules

During handling of the above exception, another exception occurred:

Traceback (most recent call last):
  File "/home/i_tsvetkov/XtraSkill/backend/app/routes/artifacts.py", line 219, in export_artifact
    buffer = await asyncio.to_thread(export_pdf, artifact)
             ^^^^^^^^^^^^^^^^^^^^^^^^^^^^^^^^^^^^^^^^^^^^^
  File "/usr/lib/python3.12/asyncio/threads.py", line 25, in to_thread
    return await loop.run_in_executor(None, func_call)
           ^^^^^^^^^^^^^^^^^^^^^^^^^^^^^^^^^^^^^^^^^^^
  File "/usr/lib/python3.12/concurrent/futures/thread.py", line 58, in run
    result = self.fn(*self.args, **self.kwargs)
             ^^^^^^^^^^^^^^^^^^^^^^^^^^^^^^^^^^
  File "/home/i_tsvetkov/XtraSkill/backend/app/services/export_service.py", line 70, in export_pdf
    raise ImportError(
ImportError: PDF export requires WeasyPrint with GTK3. On Windows, install GTK3 or use Docker/Linux. Original error: module xml.etree.ElementTree not in sys.modules
{"category": "api", "correlation_id": "79f11ad2-bb1e-4a80-b8ec-871fc7e55a2a", "method": "GET", "path": "/api/artifacts/427b8a73-6f6c-49e9-a7ec-c1ebcb4243c5/export/pdf", "status_code": 500, "duration_ms": 191.29, "user_id": null, "http_event": "request_complete", "event": "GET /api/artifacts/427b8a73-6f6c-49e9-a7ec-c1ebcb4243c5/export/pdf 500", "timestamp": "2026-02-27T20:01:07.593371Z", "level": "error", "logger": "ba_assistant"}
HTTP Request: GET http://test/api/artifacts/427b8a73-6f6c-49e9-a7ec-c1ebcb4243c5/export/pdf "HTTP/1.1 500 Internal Server Error"
{"category": "api", "correlation_id": "3f93042b-4700-4296-a76c-7c2472f459e1", "method": "GET", "path": "/api/artifacts/5d0cdbfb-b9c6-4a7a-8940-455e8e8e0285/export/pdf", "query_params": {}, "user_id": null, "http_event": "request_start", "event": "GET /api/artifacts/5d0cdbfb-b9c6-4a7a-8940-455e8e8e0285/export/pdf", "timestamp": "2026-02-27T20:02:05.433631Z", "level": "info", "logger": "ba_assistant"}
Export pdf failed (ImportError): PDF export requires WeasyPrint with GTK3. On Windows, install GTK3 or use Docker/Linux. Original error: module xml.etree.ElementTree not in sys.modules
Traceback (most recent call last):
  File "/home/i_tsvetkov/XtraSkill/backend/app/services/export_service.py", line 65, in export_pdf
    _stdlib_et = importlib.reload(_stdlib_et)
                 ^^^^^^^^^^^^^^^^^^^^^^^^^^^^
  File "/usr/lib/python3.12/importlib/__init__.py", line 111, in reload
    raise ImportError(f"module {name} not in sys.modules", name=name)
ImportError: module xml.etree.ElementTree not in sys.modules

During handling of the above exception, another exception occurred:

Traceback (most recent call last):
  File "/home/i_tsvetkov/XtraSkill/backend/app/routes/artifacts.py", line 219, in export_artifact
    buffer = await asyncio.to_thread(export_pdf, artifact)
             ^^^^^^^^^^^^^^^^^^^^^^^^^^^^^^^^^^^^^^^^^^^^^
  File "/usr/lib/python3.12/asyncio/threads.py", line 25, in to_thread
    return await loop.run_in_executor(None, func_call)
           ^^^^^^^^^^^^^^^^^^^^^^^^^^^^^^^^^^^^^^^^^^^
  File "/usr/lib/python3.12/concurrent/futures/thread.py", line 58, in run
    result = self.fn(*self.args, **self.kwargs)
             ^^^^^^^^^^^^^^^^^^^^^^^^^^^^^^^^^^
  File "/home/i_tsvetkov/XtraSkill/backend/app/services/export_service.py", line 69, in export_pdf
    raise ImportError(
ImportError: PDF export requires WeasyPrint with GTK3. On Windows, install GTK3 or use Docker/Linux. Original error: module xml.etree.ElementTree not in sys.modules
{"category": "api", "correlation_id": "3f93042b-4700-4296-a76c-7c2472f459e1", "method": "GET", "path": "/api/artifacts/5d0cdbfb-b9c6-4a7a-8940-455e8e8e0285/export/pdf", "status_code": 500, "duration_ms": 197.88, "user_id": null, "http_event": "request_complete", "event": "GET /api/artifacts/5d0cdbfb-b9c6-4a7a-8940-455e8e8e0285/export/pdf 500", "timestamp": "2026-02-27T20:02:05.631586Z", "level": "error", "logger": "ba_assistant"}
HTTP Request: GET http://test/api/artifacts/5d0cdbfb-b9c6-4a7a-8940-455e8e8e0285/export/pdf "HTTP/1.1 500 Internal Server Error"
{"category": "api", "correlation_id": "4a9ce4ed-924d-4e60-ba7a-b3bf0708e251", "method": "GET", "path": "/api/artifacts/d2afab30-0443-4faa-b3cb-67f9b1c660fe/export/pdf", "query_params": {}, "user_id": null, "http_event": "request_start", "event": "GET /api/artifacts/d2afab30-0443-4faa-b3cb-67f9b1c660fe/export/pdf", "timestamp": "2026-02-27T20:02:35.956376Z", "level": "info", "logger": "ba_assistant"}
{"category": "api", "correlation_id": "4a9ce4ed-924d-4e60-ba7a-b3bf0708e251", "method": "GET", "path": "/api/artifacts/d2afab30-0443-4faa-b3cb-67f9b1c660fe/export/pdf", "status_code": 200, "duration_ms": 588.46, "user_id": null, "http_event": "request_complete", "event": "GET /api/artifacts/d2afab30-0443-4faa-b3cb-67f9b1c660fe/export/pdf 200", "timestamp": "2026-02-27T20:02:36.544825Z", "level": "info", "logger": "ba_assistant"}
HTTP Request: GET http://test/api/artifacts/d2afab30-0443-4faa-b3cb-67f9b1c660fe/export/pdf "HTTP/1.1 200 OK"
{"category": "api", "correlation_id": "ecbbf700-6ba7-48be-a86a-d74848573de2", "method": "GET", "path": "/api/threads/08c5ec13-b149-4757-a468-587dcde78440/artifacts", "query_params": {}, "user_id": null, "http_event": "request_start", "event": "GET /api/threads/08c5ec13-b149-4757-a468-587dcde78440/artifacts", "timestamp": "2026-02-27T20:02:47.870265Z", "level": "info", "logger": "ba_assistant"}
{"category": "api", "correlation_id": "ecbbf700-6ba7-48be-a86a-d74848573de2", "method": "GET", "path": "/api/threads/08c5ec13-b149-4757-a468-587dcde78440/artifacts", "status_code": 200, "duration_ms": 65.37, "user_id": null, "http_event": "request_complete", "event": "GET /api/threads/08c5ec13-b149-4757-a468-587dcde78440/artifacts 200", "timestamp": "2026-02-27T20:02:47.935600Z", "level": "info", "logger": "ba_assistant"}
HTTP Request: GET http://test/api/threads/08c5ec13-b149-4757-a468-587dcde78440/artifacts "HTTP/1.1 200 OK"
{"category": "api", "correlation_id": "bf208dd2-23dc-4c8f-b2ea-f0238dad9b08", "method": "GET", "path": "/api/threads/a0c00632-27af-4786-9843-0dfdf5e4d426/artifacts", "query_params": {}, "user_id": null, "http_event": "request_start", "event": "GET /api/threads/a0c00632-27af-4786-9843-0dfdf5e4d426/artifacts", "timestamp": "2026-02-27T20:02:48.725177Z", "level": "info", "logger": "ba_assistant"}
{"category": "api", "correlation_id": "bf208dd2-23dc-4c8f-b2ea-f0238dad9b08", "method": "GET", "path": "/api/threads/a0c00632-27af-4786-9843-0dfdf5e4d426/artifacts", "status_code": 401, "duration_ms": 3.16, "user_id": null, "http_event": "request_complete", "event": "GET /api/threads/a0c00632-27af-4786-9843-0dfdf5e4d426/artifacts 401", "timestamp": "2026-02-27T20:02:48.728304Z", "level": "warning", "logger": "ba_assistant"}
HTTP Request: GET http://test/api/threads/a0c00632-27af-4786-9843-0dfdf5e4d426/artifacts "HTTP/1.1 401 Unauthorized"
{"category": "api", "correlation_id": "0013d0c7-98fd-4853-872a-2f774ca34f20", "method": "GET", "path": "/api/threads/501340ea-af32-4d4f-ac39-6b1e8e0909b3/artifacts", "query_params": {}, "user_id": null, "http_event": "request_start", "event": "GET /api/threads/501340ea-af32-4d4f-ac39-6b1e8e0909b3/artifacts", "timestamp": "2026-02-27T20:02:49.733942Z", "level": "info", "logger": "ba_assistant"}
{"category": "api", "correlation_id": "0013d0c7-98fd-4853-872a-2f774ca34f20", "method": "GET", "path": "/api/threads/501340ea-af32-4d4f-ac39-6b1e8e0909b3/artifacts", "status_code": 404, "duration_ms": 23.74, "user_id": null, "http_event": "request_complete", "event": "GET /api/threads/501340ea-af32-4d4f-ac39-6b1e8e0909b3/artifacts 404", "timestamp": "2026-02-27T20:02:49.757657Z", "level": "warning", "logger": "ba_assistant"}
HTTP Request: GET http://test/api/threads/501340ea-af32-4d4f-ac39-6b1e8e0909b3/artifacts "HTTP/1.1 404 Not Found"
{"category": "api", "correlation_id": "491f0cd0-ac31-4311-bab7-16b138e8796b", "method": "GET", "path": "/api/threads/ee4af696-915c-45e0-ab92-906d51cc91ca/artifacts", "query_params": {}, "user_id": null, "http_event": "request_start", "event": "GET /api/threads/ee4af696-915c-45e0-ab92-906d51cc91ca/artifacts", "timestamp": "2026-02-27T20:02:50.652302Z", "level": "info", "logger": "ba_assistant"}
{"category": "api", "correlation_id": "491f0cd0-ac31-4311-bab7-16b138e8796b", "method": "GET", "path": "/api/threads/ee4af696-915c-45e0-ab92-906d51cc91ca/artifacts", "status_code": 404, "duration_ms": 40.79, "user_id": null, "http_event": "request_complete", "event": "GET /api/threads/ee4af696-915c-45e0-ab92-906d51cc91ca/artifacts 404", "timestamp": "2026-02-27T20:02:50.693104Z", "level": "warning", "logger": "ba_assistant"}
HTTP Request: GET http://test/api/threads/ee4af696-915c-45e0-ab92-906d51cc91ca/artifacts "HTTP/1.1 404 Not Found"
{"category": "api", "correlation_id": "1431e9cd-da89-45a7-a4a9-0a397311d567", "method": "GET", "path": "/api/threads/728e821c-3f79-494e-b5b1-db4b1150044f/artifacts", "query_params": {}, "user_id": null, "http_event": "request_start", "event": "GET /api/threads/728e821c-3f79-494e-b5b1-db4b1150044f/artifacts", "timestamp": "2026-02-27T20:02:51.575274Z", "level": "info", "logger": "ba_assistant"}
{"category": "api", "correlation_id": "1431e9cd-da89-45a7-a4a9-0a397311d567", "method": "GET", "path": "/api/threads/728e821c-3f79-494e-b5b1-db4b1150044f/artifacts", "status_code": 200, "duration_ms": 60.46, "user_id": null, "http_event": "request_complete", "event": "GET /api/threads/728e821c-3f79-494e-b5b1-db4b1150044f/artifacts 200", "timestamp": "2026-02-27T20:02:51.635680Z", "level": "info", "logger": "ba_assistant"}
HTTP Request: GET http://test/api/threads/728e821c-3f79-494e-b5b1-db4b1150044f/artifacts "HTTP/1.1 200 OK"
{"category": "api", "correlation_id": "1fd2aff9-c21a-45fb-9c74-18461c03d078", "method": "GET", "path": "/api/threads/93295d84-9471-48b3-a040-48e2f9aa7b52/artifacts", "query_params": {}, "user_id": null, "http_event": "request_start", "event": "GET /api/threads/93295d84-9471-48b3-a040-48e2f9aa7b52/artifacts", "timestamp": "2026-02-27T20:02:52.520385Z", "level": "info", "logger": "ba_assistant"}
{"category": "api", "correlation_id": "1fd2aff9-c21a-45fb-9c74-18461c03d078", "method": "GET", "path": "/api/threads/93295d84-9471-48b3-a040-48e2f9aa7b52/artifacts", "status_code": 200, "duration_ms": 62.09, "user_id": null, "http_event": "request_complete", "event": "GET /api/threads/93295d84-9471-48b3-a040-48e2f9aa7b52/artifacts 200", "timestamp": "2026-02-27T20:02:52.582456Z", "level": "info", "logger": "ba_assistant"}
HTTP Request: GET http://test/api/threads/93295d84-9471-48b3-a040-48e2f9aa7b52/artifacts "HTTP/1.1 200 OK"
{"category": "api", "correlation_id": "1078c8cf-2243-464e-a458-acff61935acb", "method": "GET", "path": "/api/artifacts/223e59ed-2103-4fdc-bdd1-bd54e4ef91ab", "query_params": {}, "user_id": null, "http_event": "request_start", "event": "GET /api/artifacts/223e59ed-2103-4fdc-bdd1-bd54e4ef91ab", "timestamp": "2026-02-27T20:02:53.476440Z", "level": "info", "logger": "ba_assistant"}
{"category": "api", "correlation_id": "1078c8cf-2243-464e-a458-acff61935acb", "method": "GET", "path": "/api/artifacts/223e59ed-2103-4fdc-bdd1-bd54e4ef91ab", "status_code": 200, "duration_ms": 63.67, "user_id": null, "http_event": "request_complete", "event": "GET /api/artifacts/223e59ed-2103-4fdc-bdd1-bd54e4ef91ab 200", "timestamp": "2026-02-27T20:02:53.540095Z", "level": "info", "logger": "ba_assistant"}
HTTP Request: GET http://test/api/artifacts/223e59ed-2103-4fdc-bdd1-bd54e4ef91ab "HTTP/1.1 200 OK"
{"category": "api", "correlation_id": "dfbb1af4-7717-4ef3-8601-877f7d6e1a16", "method": "GET", "path": "/api/artifacts/ee253ea3-9b00-47e6-9431-9a37fd5647d5", "query_params": {}, "user_id": null, "http_event": "request_start", "event": "GET /api/artifacts/ee253ea3-9b00-47e6-9431-9a37fd5647d5", "timestamp": "2026-02-27T20:02:54.353251Z", "level": "info", "logger": "ba_assistant"}
{"category": "api", "correlation_id": "dfbb1af4-7717-4ef3-8601-877f7d6e1a16", "method": "GET", "path": "/api/artifacts/ee253ea3-9b00-47e6-9431-9a37fd5647d5", "status_code": 401, "duration_ms": 3.36, "user_id": null, "http_event": "request_complete", "event": "GET /api/artifacts/ee253ea3-9b00-47e6-9431-9a37fd5647d5 401", "timestamp": "2026-02-27T20:02:54.356552Z", "level": "warning", "logger": "ba_assistant"}
HTTP Request: GET http://test/api/artifacts/ee253ea3-9b00-47e6-9431-9a37fd5647d5 "HTTP/1.1 401 Unauthorized"
{"category": "api", "correlation_id": "f4ef15d4-3101-4000-9616-7f009677bb6d", "method": "GET", "path": "/api/artifacts/b930fab5-861a-4812-b59f-37243e9ce46a", "query_params": {}, "user_id": null, "http_event": "request_start", "event": "GET /api/artifacts/b930fab5-861a-4812-b59f-37243e9ce46a", "timestamp": "2026-02-27T20:02:55.175493Z", "level": "info", "logger": "ba_assistant"}
{"category": "api", "correlation_id": "f4ef15d4-3101-4000-9616-7f009677bb6d", "method": "GET", "path": "/api/artifacts/b930fab5-861a-4812-b59f-37243e9ce46a", "status_code": 404, "duration_ms": 22.24, "user_id": null, "http_event": "request_complete", "event": "GET /api/artifacts/b930fab5-861a-4812-b59f-37243e9ce46a 404", "timestamp": "2026-02-27T20:02:55.197699Z", "level": "warning", "logger": "ba_assistant"}
HTTP Request: GET http://test/api/artifacts/b930fab5-861a-4812-b59f-37243e9ce46a "HTTP/1.1 404 Not Found"
{"category": "api", "correlation_id": "62f76c42-9229-4d85-80f7-27eae8bbcdbb", "method": "GET", "path": "/api/artifacts/0ef5a2dd-f105-42f6-878b-0c7b25552bf0", "query_params": {}, "user_id": null, "http_event": "request_start", "event": "GET /api/artifacts/0ef5a2dd-f105-42f6-878b-0c7b25552bf0", "timestamp": "2026-02-27T20:02:56.106694Z", "level": "info", "logger": "ba_assistant"}
{"category": "api", "correlation_id": "62f76c42-9229-4d85-80f7-27eae8bbcdbb", "method": "GET", "path": "/api/artifacts/0ef5a2dd-f105-42f6-878b-0c7b25552bf0", "status_code": 404, "duration_ms": 62.59, "user_id": null, "http_event": "request_complete", "event": "GET /api/artifacts/0ef5a2dd-f105-42f6-878b-0c7b25552bf0 404", "timestamp": "2026-02-27T20:02:56.169244Z", "level": "warning", "logger": "ba_assistant"}
HTTP Request: GET http://test/api/artifacts/0ef5a2dd-f105-42f6-878b-0c7b25552bf0 "HTTP/1.1 404 Not Found"
{"category": "api", "correlation_id": "786a7898-3790-4036-8949-baee36fbae54", "method": "GET", "path": "/api/artifacts/95e807a9-da36-426f-8f70-c8a66aecad35", "query_params": {}, "user_id": null, "http_event": "request_start", "event": "GET /api/artifacts/95e807a9-da36-426f-8f70-c8a66aecad35", "timestamp": "2026-02-27T20:02:57.045089Z", "level": "info", "logger": "ba_assistant"}
{"category": "api", "correlation_id": "786a7898-3790-4036-8949-baee36fbae54", "method": "GET", "path": "/api/artifacts/95e807a9-da36-426f-8f70-c8a66aecad35", "status_code": 200, "duration_ms": 60.44, "user_id": null, "http_event": "request_complete", "event": "GET /api/artifacts/95e807a9-da36-426f-8f70-c8a66aecad35 200", "timestamp": "2026-02-27T20:02:57.105507Z", "level": "info", "logger": "ba_assistant"}
HTTP Request: GET http://test/api/artifacts/95e807a9-da36-426f-8f70-c8a66aecad35 "HTTP/1.1 200 OK"
{"category": "api", "correlation_id": "4ebda0f1-8b68-4b4e-8716-d5626e604879", "method": "GET", "path": "/api/artifacts/4d269e55-5619-49de-8951-eeb49f1d6ff6/export/md", "query_params": {}, "user_id": null, "http_event": "request_start", "event": "GET /api/artifacts/4d269e55-5619-49de-8951-eeb49f1d6ff6/export/md", "timestamp": "2026-02-27T20:02:57.976489Z", "level": "info", "logger": "ba_assistant"}
{"category": "api", "correlation_id": "4ebda0f1-8b68-4b4e-8716-d5626e604879", "method": "GET", "path": "/api/artifacts/4d269e55-5619-49de-8951-eeb49f1d6ff6/export/md", "status_code": 200, "duration_ms": 82.55, "user_id": null, "http_event": "request_complete", "event": "GET /api/artifacts/4d269e55-5619-49de-8951-eeb49f1d6ff6/export/md 200", "timestamp": "2026-02-27T20:02:58.058988Z", "level": "info", "logger": "ba_assistant"}
HTTP Request: GET http://test/api/artifacts/4d269e55-5619-49de-8951-eeb49f1d6ff6/export/md "HTTP/1.1 200 OK"
{"category": "api", "correlation_id": "bb08b57e-8ee0-4627-86ad-5057adb10884", "method": "GET", "path": "/api/artifacts/eff3e84e-8546-489f-94c4-df04557c1d21/export/docx", "query_params": {}, "user_id": null, "http_event": "request_start", "event": "GET /api/artifacts/eff3e84e-8546-489f-94c4-df04557c1d21/export/docx", "timestamp": "2026-02-27T20:02:58.934349Z", "level": "info", "logger": "ba_assistant"}
{"category": "api", "correlation_id": "bb08b57e-8ee0-4627-86ad-5057adb10884", "method": "GET", "path": "/api/artifacts/eff3e84e-8546-489f-94c4-df04557c1d21/export/docx", "status_code": 200, "duration_ms": 94.97, "user_id": null, "http_event": "request_complete", "event": "GET /api/artifacts/eff3e84e-8546-489f-94c4-df04557c1d21/export/docx 200", "timestamp": "2026-02-27T20:02:59.029294Z", "level": "info", "logger": "ba_assistant"}
HTTP Request: GET http://test/api/artifacts/eff3e84e-8546-489f-94c4-df04557c1d21/export/docx "HTTP/1.1 200 OK"
{"category": "api", "correlation_id": "c12be0ff-c7ea-432e-949e-d4fbf8f5765c", "method": "GET", "path": "/api/artifacts/2e16ab29-3fb8-4e00-a1f9-05a12c939981/export/pdf", "query_params": {}, "user_id": null, "http_event": "request_start", "event": "GET /api/artifacts/2e16ab29-3fb8-4e00-a1f9-05a12c939981/export/pdf", "timestamp": "2026-02-27T20:02:59.965329Z", "level": "info", "logger": "ba_assistant"}
{"category": "api", "correlation_id": "c12be0ff-c7ea-432e-949e-d4fbf8f5765c", "method": "GET", "path": "/api/artifacts/2e16ab29-3fb8-4e00-a1f9-05a12c939981/export/pdf", "status_code": 200, "duration_ms": 713.01, "user_id": null, "http_event": "request_complete", "event": "GET /api/artifacts/2e16ab29-3fb8-4e00-a1f9-05a12c939981/export/pdf 200", "timestamp": "2026-02-27T20:03:00.678306Z", "level": "info", "logger": "ba_assistant"}
HTTP Request: GET http://test/api/artifacts/2e16ab29-3fb8-4e00-a1f9-05a12c939981/export/pdf "HTTP/1.1 200 OK"
{"category": "api", "correlation_id": "deaf1c1b-af33-4ed4-a296-b17a09dd80ae", "method": "GET", "path": "/api/artifacts/fb25f6b7-9e92-468a-8500-cbb76bd07b82/export/md", "query_params": {}, "user_id": null, "http_event": "request_start", "event": "GET /api/artifacts/fb25f6b7-9e92-468a-8500-cbb76bd07b82/export/md", "timestamp": "2026-02-27T20:03:01.519113Z", "level": "info", "logger": "ba_assistant"}
{"category": "api", "correlation_id": "deaf1c1b-af33-4ed4-a296-b17a09dd80ae", "method": "GET", "path": "/api/artifacts/fb25f6b7-9e92-468a-8500-cbb76bd07b82/export/md", "status_code": 401, "duration_ms": 3.11, "user_id": null, "http_event": "request_complete", "event": "GET /api/artifacts/fb25f6b7-9e92-468a-8500-cbb76bd07b82/export/md 401", "timestamp": "2026-02-27T20:03:01.522197Z", "level": "warning", "logger": "ba_assistant"}
HTTP Request: GET http://test/api/artifacts/fb25f6b7-9e92-468a-8500-cbb76bd07b82/export/md "HTTP/1.1 401 Unauthorized"
{"category": "api", "correlation_id": "360a6fc0-a7d1-4f17-b371-89cb761c5949", "method": "GET", "path": "/api/artifacts/56be55d8-ca8e-41e1-8cee-d10fccbceb7c/export/md", "query_params": {}, "user_id": null, "http_event": "request_start", "event": "GET /api/artifacts/56be55d8-ca8e-41e1-8cee-d10fccbceb7c/export/md", "timestamp": "2026-02-27T20:03:02.335639Z", "level": "info", "logger": "ba_assistant"}
{"category": "api", "correlation_id": "360a6fc0-a7d1-4f17-b371-89cb761c5949", "method": "GET", "path": "/api/artifacts/56be55d8-ca8e-41e1-8cee-d10fccbceb7c/export/md", "status_code": 404, "duration_ms": 23.91, "user_id": null, "http_event": "request_complete", "event": "GET /api/artifacts/56be55d8-ca8e-41e1-8cee-d10fccbceb7c/export/md 404", "timestamp": "2026-02-27T20:03:02.359521Z", "level": "warning", "logger": "ba_assistant"}
HTTP Request: GET http://test/api/artifacts/56be55d8-ca8e-41e1-8cee-d10fccbceb7c/export/md "HTTP/1.1 404 Not Found"
{"category": "api", "correlation_id": "b601eb44-21a4-4d0d-b1e4-2c0b55d799cf", "method": "GET", "path": "/api/artifacts/855ee5bf-3103-47b8-9fbc-4c014eeb3fc7/export/md", "query_params": {}, "user_id": null, "http_event": "request_start", "event": "GET /api/artifacts/855ee5bf-3103-47b8-9fbc-4c014eeb3fc7/export/md", "timestamp": "2026-02-27T20:03:03.247266Z", "level": "info", "logger": "ba_assistant"}
{"category": "api", "correlation_id": "b601eb44-21a4-4d0d-b1e4-2c0b55d799cf", "method": "GET", "path": "/api/artifacts/855ee5bf-3103-47b8-9fbc-4c014eeb3fc7/export/md", "status_code": 200, "duration_ms": 68.99, "user_id": null, "http_event": "request_complete", "event": "GET /api/artifacts/855ee5bf-3103-47b8-9fbc-4c014eeb3fc7/export/md 200", "timestamp": "2026-02-27T20:03:03.316245Z", "level": "info", "logger": "ba_assistant"}
HTTP Request: GET http://test/api/artifacts/855ee5bf-3103-47b8-9fbc-4c014eeb3fc7/export/md "HTTP/1.1 200 OK"
{"category": "api", "correlation_id": "b871f81b-be4a-49e9-a648-2513d951d88e", "method": "GET", "path": "/api/artifacts/ca8f22ba-f179-4e7f-8392-f1bf306a9abc/export/md", "query_params": {}, "user_id": null, "http_event": "request_start", "event": "GET /api/artifacts/ca8f22ba-f179-4e7f-8392-f1bf306a9abc/export/md", "timestamp": "2026-02-27T20:03:04.228963Z", "level": "info", "logger": "ba_assistant"}
{"category": "api", "correlation_id": "b871f81b-be4a-49e9-a648-2513d951d88e", "method": "GET", "path": "/api/artifacts/ca8f22ba-f179-4e7f-8392-f1bf306a9abc/export/md", "status_code": 404, "duration_ms": 65.62, "user_id": null, "http_event": "request_complete", "event": "GET /api/artifacts/ca8f22ba-f179-4e7f-8392-f1bf306a9abc/export/md 404", "timestamp": "2026-02-27T20:03:04.294554Z", "level": "warning", "logger": "ba_assistant"}
HTTP Request: GET http://test/api/artifacts/ca8f22ba-f179-4e7f-8392-f1bf306a9abc/export/md "HTTP/1.1 404 Not Found"
{"category": "api", "correlation_id": "7bfad5b6-8da0-464d-9705-818e1e02fda1", "method": "GET", "path": "/api/threads/362a42dc-8c5f-4f9e-bb2d-947f03dbd291/artifacts", "query_params": {}, "user_id": null, "http_event": "request_start", "event": "GET /api/threads/362a42dc-8c5f-4f9e-bb2d-947f03dbd291/artifacts", "timestamp": "2026-02-27T20:03:05.145373Z", "level": "info", "logger": "ba_assistant"}
{"category": "api", "correlation_id": "7bfad5b6-8da0-464d-9705-818e1e02fda1", "method": "GET", "path": "/api/threads/362a42dc-8c5f-4f9e-bb2d-947f03dbd291/artifacts", "status_code": 200, "duration_ms": 42.68, "user_id": null, "http_event": "request_complete", "event": "GET /api/threads/362a42dc-8c5f-4f9e-bb2d-947f03dbd291/artifacts 200", "timestamp": "2026-02-27T20:03:05.188045Z", "level": "info", "logger": "ba_assistant"}
HTTP Request: GET http://test/api/threads/362a42dc-8c5f-4f9e-bb2d-947f03dbd291/artifacts "HTTP/1.1 200 OK"
{"category": "api", "correlation_id": "7db02234-5ace-45db-90cc-7974a90f5814", "method": "GET", "path": "/api/artifacts/9eea59ba-0c61-4aa1-86aa-4ae9713e875c", "query_params": {}, "user_id": null, "http_event": "request_start", "event": "GET /api/artifacts/9eea59ba-0c61-4aa1-86aa-4ae9713e875c", "timestamp": "2026-02-27T20:03:06.056491Z", "level": "info", "logger": "ba_assistant"}
{"category": "api", "correlation_id": "7db02234-5ace-45db-90cc-7974a90f5814", "method": "GET", "path": "/api/artifacts/9eea59ba-0c61-4aa1-86aa-4ae9713e875c", "status_code": 200, "duration_ms": 40.45, "user_id": null, "http_event": "request_complete", "event": "GET /api/artifacts/9eea59ba-0c61-4aa1-86aa-4ae9713e875c 200", "timestamp": "2026-02-27T20:03:06.096919Z", "level": "info", "logger": "ba_assistant"}
HTTP Request: GET http://test/api/artifacts/9eea59ba-0c61-4aa1-86aa-4ae9713e875c "HTTP/1.1 200 OK"
{"category": "api", "correlation_id": "a69a49e8-1ca3-451d-b7aa-54f36047fd8a", "method": "GET", "path": "/api/artifacts/c4ac4b34-7113-4c4d-824a-b805fb4216f1/export/md", "query_params": {}, "user_id": null, "http_event": "request_start", "event": "GET /api/artifacts/c4ac4b34-7113-4c4d-824a-b805fb4216f1/export/md", "timestamp": "2026-02-27T20:03:06.978444Z", "level": "info", "logger": "ba_assistant"}
{"category": "api", "correlation_id": "a69a49e8-1ca3-451d-b7aa-54f36047fd8a", "method": "GET", "path": "/api/artifacts/c4ac4b34-7113-4c4d-824a-b805fb4216f1/export/md", "status_code": 200, "duration_ms": 43.18, "user_id": null, "http_event": "request_complete", "event": "GET /api/artifacts/c4ac4b34-7113-4c4d-824a-b805fb4216f1/export/md 200", "timestamp": "2026-02-27T20:03:07.021601Z", "level": "info", "logger": "ba_assistant"}
HTTP Request: GET http://test/api/artifacts/c4ac4b34-7113-4c4d-824a-b805fb4216f1/export/md "HTTP/1.1 200 OK"
{"category": "api", "correlation_id": "93eb95ac-a891-492b-bfeb-f93c32d68913", "method": "GET", "path": "/api/threads/2139b2f3-f8f3-46e8-a72b-13e2f2f38b8f/artifacts", "query_params": {}, "user_id": null, "http_event": "request_start", "event": "GET /api/threads/2139b2f3-f8f3-46e8-a72b-13e2f2f38b8f/artifacts", "timestamp": "2026-02-27T20:03:07.903431Z", "level": "info", "logger": "ba_assistant"}
{"category": "api", "correlation_id": "93eb95ac-a891-492b-bfeb-f93c32d68913", "method": "GET", "path": "/api/threads/2139b2f3-f8f3-46e8-a72b-13e2f2f38b8f/artifacts", "status_code": 404, "duration_ms": 22.63, "user_id": null, "http_event": "request_complete", "event": "GET /api/threads/2139b2f3-f8f3-46e8-a72b-13e2f2f38b8f/artifacts 404", "timestamp": "2026-02-27T20:03:07.926031Z", "level": "warning", "logger": "ba_assistant"}
HTTP Request: GET http://test/api/threads/2139b2f3-f8f3-46e8-a72b-13e2f2f38b8f/artifacts "HTTP/1.1 404 Not Found"
{"category": "api", "correlation_id": "7bc1745c-9406-4bb7-8118-1d7a2b9585ff", "method": "GET", "path": "/api/artifacts/cf17f453-ddf6-474b-9783-b07dcd358f87", "query_params": {}, "user_id": null, "http_event": "request_start", "event": "GET /api/artifacts/cf17f453-ddf6-474b-9783-b07dcd358f87", "timestamp": "2026-02-27T20:03:07.932370Z", "level": "info", "logger": "ba_assistant"}
{"category": "api", "correlation_id": "7bc1745c-9406-4bb7-8118-1d7a2b9585ff", "method": "GET", "path": "/api/artifacts/cf17f453-ddf6-474b-9783-b07dcd358f87", "status_code": 404, "duration_ms": 48.15, "user_id": null, "http_event": "request_complete", "event": "GET /api/artifacts/cf17f453-ddf6-474b-9783-b07dcd358f87 404", "timestamp": "2026-02-27T20:03:07.980465Z", "level": "warning", "logger": "ba_assistant"}
HTTP Request: GET http://test/api/artifacts/cf17f453-ddf6-474b-9783-b07dcd358f87 "HTTP/1.1 404 Not Found"
{"category": "api", "correlation_id": "63e0d7bc-4621-4239-93b6-d5d3524d5bc3", "method": "GET", "path": "/api/artifacts/cf17f453-ddf6-474b-9783-b07dcd358f87/export/md", "query_params": {}, "user_id": null, "http_event": "request_start", "event": "GET /api/artifacts/cf17f453-ddf6-474b-9783-b07dcd358f87/export/md", "timestamp": "2026-02-27T20:03:07.986009Z", "level": "info", "logger": "ba_assistant"}
{"category": "api", "correlation_id": "63e0d7bc-4621-4239-93b6-d5d3524d5bc3", "method": "GET", "path": "/api/artifacts/cf17f453-ddf6-474b-9783-b07dcd358f87/export/md", "status_code": 404, "duration_ms": 41.42, "user_id": null, "http_event": "request_complete", "event": "GET /api/artifacts/cf17f453-ddf6-474b-9783-b07dcd358f87/export/md 404", "timestamp": "2026-02-27T20:03:08.027403Z", "level": "warning", "logger": "ba_assistant"}
HTTP Request: GET http://test/api/artifacts/cf17f453-ddf6-474b-9783-b07dcd358f87/export/md "HTTP/1.1 404 Not Found"
{"category": "api", "correlation_id": "9095861e-5be4-4026-9628-c4da836b877a", "method": "GET", "path": "/api/artifacts/358148d7-df91-4765-8d8b-ca7538c1d979/export/pdf", "query_params": {}, "user_id": null, "http_event": "request_start", "event": "GET /api/artifacts/358148d7-df91-4765-8d8b-ca7538c1d979/export/pdf", "timestamp": "2026-02-27T20:10:58.880351Z", "level": "info", "logger": "ba_assistant"}
{"category": "api", "correlation_id": "9095861e-5be4-4026-9628-c4da836b877a", "method": "GET", "path": "/api/artifacts/358148d7-df91-4765-8d8b-ca7538c1d979/export/pdf", "status_code": 200, "duration_ms": 576.03, "user_id": null, "http_event": "request_complete", "event": "GET /api/artifacts/358148d7-df91-4765-8d8b-ca7538c1d979/export/pdf 200", "timestamp": "2026-02-27T20:10:59.456364Z", "level": "info", "logger": "ba_assistant"}
HTTP Request: GET http://test/api/artifacts/358148d7-df91-4765-8d8b-ca7538c1d979/export/pdf "HTTP/1.1 200 OK"
{"category": "api", "correlation_id": "eacb228d-5727-4146-ae86-9d38c5bb1942", "method": "GET", "path": "/api/threads/84260a02-712d-46f3-b5ef-1e0db2fcbe57/artifacts", "query_params": {}, "user_id": null, "http_event": "request_start", "event": "GET /api/threads/84260a02-712d-46f3-b5ef-1e0db2fcbe57/artifacts", "timestamp": "2026-02-27T20:11:10.968566Z", "level": "info", "logger": "ba_assistant"}
{"category": "api", "correlation_id": "eacb228d-5727-4146-ae86-9d38c5bb1942", "method": "GET", "path": "/api/threads/84260a02-712d-46f3-b5ef-1e0db2fcbe57/artifacts", "status_code": 200, "duration_ms": 67.62, "user_id": null, "http_event": "request_complete", "event": "GET /api/threads/84260a02-712d-46f3-b5ef-1e0db2fcbe57/artifacts 200", "timestamp": "2026-02-27T20:11:11.036146Z", "level": "info", "logger": "ba_assistant"}
HTTP Request: GET http://test/api/threads/84260a02-712d-46f3-b5ef-1e0db2fcbe57/artifacts "HTTP/1.1 200 OK"
{"category": "api", "correlation_id": "90804e53-e3f2-492e-88ec-de4ab9474269", "method": "GET", "path": "/api/threads/09c8a837-1121-43ad-9a41-875fbaa5edc4/artifacts", "query_params": {}, "user_id": null, "http_event": "request_start", "event": "GET /api/threads/09c8a837-1121-43ad-9a41-875fbaa5edc4/artifacts", "timestamp": "2026-02-27T20:11:11.816228Z", "level": "info", "logger": "ba_assistant"}
{"category": "api", "correlation_id": "90804e53-e3f2-492e-88ec-de4ab9474269", "method": "GET", "path": "/api/threads/09c8a837-1121-43ad-9a41-875fbaa5edc4/artifacts", "status_code": 401, "duration_ms": 4.18, "user_id": null, "http_event": "request_complete", "event": "GET /api/threads/09c8a837-1121-43ad-9a41-875fbaa5edc4/artifacts 401", "timestamp": "2026-02-27T20:11:11.820381Z", "level": "warning", "logger": "ba_assistant"}
HTTP Request: GET http://test/api/threads/09c8a837-1121-43ad-9a41-875fbaa5edc4/artifacts "HTTP/1.1 401 Unauthorized"
{"category": "api", "correlation_id": "072c271d-bfe2-4d12-8dfd-0871206ba4c2", "method": "GET", "path": "/api/threads/22400726-7075-49f6-a7e1-b54838fc9b07/artifacts", "query_params": {}, "user_id": null, "http_event": "request_start", "event": "GET /api/threads/22400726-7075-49f6-a7e1-b54838fc9b07/artifacts", "timestamp": "2026-02-27T20:11:12.817642Z", "level": "info", "logger": "ba_assistant"}
{"category": "api", "correlation_id": "072c271d-bfe2-4d12-8dfd-0871206ba4c2", "method": "GET", "path": "/api/threads/22400726-7075-49f6-a7e1-b54838fc9b07/artifacts", "status_code": 404, "duration_ms": 22.96, "user_id": null, "http_event": "request_complete", "event": "GET /api/threads/22400726-7075-49f6-a7e1-b54838fc9b07/artifacts 404", "timestamp": "2026-02-27T20:11:12.840561Z", "level": "warning", "logger": "ba_assistant"}
HTTP Request: GET http://test/api/threads/22400726-7075-49f6-a7e1-b54838fc9b07/artifacts "HTTP/1.1 404 Not Found"
{"category": "api", "correlation_id": "aaafb254-fabe-4e75-aed3-12c976f7a97d", "method": "GET", "path": "/api/threads/9475f07c-164a-48fe-86ec-9dfa62aad92a/artifacts", "query_params": {}, "user_id": null, "http_event": "request_start", "event": "GET /api/threads/9475f07c-164a-48fe-86ec-9dfa62aad92a/artifacts", "timestamp": "2026-02-27T20:11:13.720464Z", "level": "info", "logger": "ba_assistant"}
{"category": "api", "correlation_id": "aaafb254-fabe-4e75-aed3-12c976f7a97d", "method": "GET", "path": "/api/threads/9475f07c-164a-48fe-86ec-9dfa62aad92a/artifacts", "status_code": 404, "duration_ms": 40.87, "user_id": null, "http_event": "request_complete", "event": "GET /api/threads/9475f07c-164a-48fe-86ec-9dfa62aad92a/artifacts 404", "timestamp": "2026-02-27T20:11:13.761341Z", "level": "warning", "logger": "ba_assistant"}
HTTP Request: GET http://test/api/threads/9475f07c-164a-48fe-86ec-9dfa62aad92a/artifacts "HTTP/1.1 404 Not Found"
{"category": "api", "correlation_id": "d9ad140c-21f2-4a5f-a6c2-5d4f25fabf88", "method": "GET", "path": "/api/threads/53cdab9e-f63b-48e8-8390-7f811dc749b8/artifacts", "query_params": {}, "user_id": null, "http_event": "request_start", "event": "GET /api/threads/53cdab9e-f63b-48e8-8390-7f811dc749b8/artifacts", "timestamp": "2026-02-27T20:11:14.626458Z", "level": "info", "logger": "ba_assistant"}
{"category": "api", "correlation_id": "d9ad140c-21f2-4a5f-a6c2-5d4f25fabf88", "method": "GET", "path": "/api/threads/53cdab9e-f63b-48e8-8390-7f811dc749b8/artifacts", "status_code": 200, "duration_ms": 59.16, "user_id": null, "http_event": "request_complete", "event": "GET /api/threads/53cdab9e-f63b-48e8-8390-7f811dc749b8/artifacts 200", "timestamp": "2026-02-27T20:11:14.685603Z", "level": "info", "logger": "ba_assistant"}
HTTP Request: GET http://test/api/threads/53cdab9e-f63b-48e8-8390-7f811dc749b8/artifacts "HTTP/1.1 200 OK"
{"category": "api", "correlation_id": "3339bc19-a43f-4584-9db3-6675d9fa2d81", "method": "GET", "path": "/api/threads/7405f4f1-eb36-4986-9b9a-71311fd079c7/artifacts", "query_params": {}, "user_id": null, "http_event": "request_start", "event": "GET /api/threads/7405f4f1-eb36-4986-9b9a-71311fd079c7/artifacts", "timestamp": "2026-02-27T20:11:15.576808Z", "level": "info", "logger": "ba_assistant"}
{"category": "api", "correlation_id": "3339bc19-a43f-4584-9db3-6675d9fa2d81", "method": "GET", "path": "/api/threads/7405f4f1-eb36-4986-9b9a-71311fd079c7/artifacts", "status_code": 200, "duration_ms": 58.49, "user_id": null, "http_event": "request_complete", "event": "GET /api/threads/7405f4f1-eb36-4986-9b9a-71311fd079c7/artifacts 200", "timestamp": "2026-02-27T20:11:15.635272Z", "level": "info", "logger": "ba_assistant"}
HTTP Request: GET http://test/api/threads/7405f4f1-eb36-4986-9b9a-71311fd079c7/artifacts "HTTP/1.1 200 OK"
{"category": "api", "correlation_id": "9afbcf2e-d033-4c6b-b2e2-7941c1df4406", "method": "GET", "path": "/api/artifacts/cb2b7aec-ff49-46a0-95d1-6f001f575776", "query_params": {}, "user_id": null, "http_event": "request_start", "event": "GET /api/artifacts/cb2b7aec-ff49-46a0-95d1-6f001f575776", "timestamp": "2026-02-27T20:11:16.526525Z", "level": "info", "logger": "ba_assistant"}
{"category": "api", "correlation_id": "9afbcf2e-d033-4c6b-b2e2-7941c1df4406", "method": "GET", "path": "/api/artifacts/cb2b7aec-ff49-46a0-95d1-6f001f575776", "status_code": 200, "duration_ms": 59.84, "user_id": null, "http_event": "request_complete", "event": "GET /api/artifacts/cb2b7aec-ff49-46a0-95d1-6f001f575776 200", "timestamp": "2026-02-27T20:11:16.586331Z", "level": "info", "logger": "ba_assistant"}
HTTP Request: GET http://test/api/artifacts/cb2b7aec-ff49-46a0-95d1-6f001f575776 "HTTP/1.1 200 OK"
{"category": "api", "correlation_id": "ea495fc8-caa3-4798-9a17-1b3c5646460e", "method": "GET", "path": "/api/artifacts/48c22f49-e153-4738-9464-f0ba0c0e8783", "query_params": {}, "user_id": null, "http_event": "request_start", "event": "GET /api/artifacts/48c22f49-e153-4738-9464-f0ba0c0e8783", "timestamp": "2026-02-27T20:11:17.390078Z", "level": "info", "logger": "ba_assistant"}
{"category": "api", "correlation_id": "ea495fc8-caa3-4798-9a17-1b3c5646460e", "method": "GET", "path": "/api/artifacts/48c22f49-e153-4738-9464-f0ba0c0e8783", "status_code": 401, "duration_ms": 3.25, "user_id": null, "http_event": "request_complete", "event": "GET /api/artifacts/48c22f49-e153-4738-9464-f0ba0c0e8783 401", "timestamp": "2026-02-27T20:11:17.393324Z", "level": "warning", "logger": "ba_assistant"}
HTTP Request: GET http://test/api/artifacts/48c22f49-e153-4738-9464-f0ba0c0e8783 "HTTP/1.1 401 Unauthorized"
{"category": "api", "correlation_id": "e79897e1-1ff4-4af9-9d1b-7f2d78ab6859", "method": "GET", "path": "/api/artifacts/3a663a63-5368-483d-a907-04ce99d60b1a", "query_params": {}, "user_id": null, "http_event": "request_start", "event": "GET /api/artifacts/3a663a63-5368-483d-a907-04ce99d60b1a", "timestamp": "2026-02-27T20:11:18.203286Z", "level": "info", "logger": "ba_assistant"}
{"category": "api", "correlation_id": "e79897e1-1ff4-4af9-9d1b-7f2d78ab6859", "method": "GET", "path": "/api/artifacts/3a663a63-5368-483d-a907-04ce99d60b1a", "status_code": 404, "duration_ms": 20.91, "user_id": null, "http_event": "request_complete", "event": "GET /api/artifacts/3a663a63-5368-483d-a907-04ce99d60b1a 404", "timestamp": "2026-02-27T20:11:18.224161Z", "level": "warning", "logger": "ba_assistant"}
HTTP Request: GET http://test/api/artifacts/3a663a63-5368-483d-a907-04ce99d60b1a "HTTP/1.1 404 Not Found"
{"category": "api", "correlation_id": "2fb35b54-af6d-4d09-83f4-3cd71963ac61", "method": "GET", "path": "/api/artifacts/d62bd507-4789-4868-a1df-b7fba2c02155", "query_params": {}, "user_id": null, "http_event": "request_start", "event": "GET /api/artifacts/d62bd507-4789-4868-a1df-b7fba2c02155", "timestamp": "2026-02-27T20:11:19.143995Z", "level": "info", "logger": "ba_assistant"}
{"category": "api", "correlation_id": "2fb35b54-af6d-4d09-83f4-3cd71963ac61", "method": "GET", "path": "/api/artifacts/d62bd507-4789-4868-a1df-b7fba2c02155", "status_code": 404, "duration_ms": 59.63, "user_id": null, "http_event": "request_complete", "event": "GET /api/artifacts/d62bd507-4789-4868-a1df-b7fba2c02155 404", "timestamp": "2026-02-27T20:11:19.203610Z", "level": "warning", "logger": "ba_assistant"}
HTTP Request: GET http://test/api/artifacts/d62bd507-4789-4868-a1df-b7fba2c02155 "HTTP/1.1 404 Not Found"
{"category": "api", "correlation_id": "04b9ab46-e805-4c50-83fc-6edc23db21f0", "method": "GET", "path": "/api/artifacts/0b42eaa3-574b-4802-aef8-e5a00d995adb", "query_params": {}, "user_id": null, "http_event": "request_start", "event": "GET /api/artifacts/0b42eaa3-574b-4802-aef8-e5a00d995adb", "timestamp": "2026-02-27T20:11:20.098322Z", "level": "info", "logger": "ba_assistant"}
{"category": "api", "correlation_id": "04b9ab46-e805-4c50-83fc-6edc23db21f0", "method": "GET", "path": "/api/artifacts/0b42eaa3-574b-4802-aef8-e5a00d995adb", "status_code": 200, "duration_ms": 84.28, "user_id": null, "http_event": "request_complete", "event": "GET /api/artifacts/0b42eaa3-574b-4802-aef8-e5a00d995adb 200", "timestamp": "2026-02-27T20:11:20.182570Z", "level": "info", "logger": "ba_assistant"}
HTTP Request: GET http://test/api/artifacts/0b42eaa3-574b-4802-aef8-e5a00d995adb "HTTP/1.1 200 OK"
{"category": "api", "correlation_id": "8d58c530-dca5-4266-8d9c-e267afd8b788", "method": "GET", "path": "/api/artifacts/397ce277-cc1d-44b1-a965-560c7fa815e0/export/md", "query_params": {}, "user_id": null, "http_event": "request_start", "event": "GET /api/artifacts/397ce277-cc1d-44b1-a965-560c7fa815e0/export/md", "timestamp": "2026-02-27T20:11:21.128356Z", "level": "info", "logger": "ba_assistant"}
{"category": "api", "correlation_id": "8d58c530-dca5-4266-8d9c-e267afd8b788", "method": "GET", "path": "/api/artifacts/397ce277-cc1d-44b1-a965-560c7fa815e0/export/md", "status_code": 200, "duration_ms": 62.13, "user_id": null, "http_event": "request_complete", "event": "GET /api/artifacts/397ce277-cc1d-44b1-a965-560c7fa815e0/export/md 200", "timestamp": "2026-02-27T20:11:21.190475Z", "level": "info", "logger": "ba_assistant"}
HTTP Request: GET http://test/api/artifacts/397ce277-cc1d-44b1-a965-560c7fa815e0/export/md "HTTP/1.1 200 OK"
{"category": "api", "correlation_id": "7842e315-d93e-459d-b127-2cf6b6f1ad98", "method": "GET", "path": "/api/artifacts/6236ec7e-44d7-4692-a330-0b8898da1050/export/docx", "query_params": {}, "user_id": null, "http_event": "request_start", "event": "GET /api/artifacts/6236ec7e-44d7-4692-a330-0b8898da1050/export/docx", "timestamp": "2026-02-27T20:11:22.104654Z", "level": "info", "logger": "ba_assistant"}
{"category": "api", "correlation_id": "7842e315-d93e-459d-b127-2cf6b6f1ad98", "method": "GET", "path": "/api/artifacts/6236ec7e-44d7-4692-a330-0b8898da1050/export/docx", "status_code": 200, "duration_ms": 100.92, "user_id": null, "http_event": "request_complete", "event": "GET /api/artifacts/6236ec7e-44d7-4692-a330-0b8898da1050/export/docx 200", "timestamp": "2026-02-27T20:11:22.205571Z", "level": "info", "logger": "ba_assistant"}
HTTP Request: GET http://test/api/artifacts/6236ec7e-44d7-4692-a330-0b8898da1050/export/docx "HTTP/1.1 200 OK"
{"category": "api", "correlation_id": "a2599571-fe25-40ad-a117-3567153a9a1a", "method": "GET", "path": "/api/artifacts/aa42f700-0827-4174-a474-10d898a74475/export/pdf", "query_params": {}, "user_id": null, "http_event": "request_start", "event": "GET /api/artifacts/aa42f700-0827-4174-a474-10d898a74475/export/pdf", "timestamp": "2026-02-27T20:11:23.112970Z", "level": "info", "logger": "ba_assistant"}
{"category": "api", "correlation_id": "a2599571-fe25-40ad-a117-3567153a9a1a", "method": "GET", "path": "/api/artifacts/aa42f700-0827-4174-a474-10d898a74475/export/pdf", "status_code": 200, "duration_ms": 704.73, "user_id": null, "http_event": "request_complete", "event": "GET /api/artifacts/aa42f700-0827-4174-a474-10d898a74475/export/pdf 200", "timestamp": "2026-02-27T20:11:23.817666Z", "level": "info", "logger": "ba_assistant"}
HTTP Request: GET http://test/api/artifacts/aa42f700-0827-4174-a474-10d898a74475/export/pdf "HTTP/1.1 200 OK"
{"category": "api", "correlation_id": "1c8771aa-43c2-4aa6-82d5-3b928214152e", "method": "GET", "path": "/api/artifacts/88265b63-edfc-4054-a218-2832fe5558f8/export/md", "query_params": {}, "user_id": null, "http_event": "request_start", "event": "GET /api/artifacts/88265b63-edfc-4054-a218-2832fe5558f8/export/md", "timestamp": "2026-02-27T20:11:24.638711Z", "level": "info", "logger": "ba_assistant"}
{"category": "api", "correlation_id": "1c8771aa-43c2-4aa6-82d5-3b928214152e", "method": "GET", "path": "/api/artifacts/88265b63-edfc-4054-a218-2832fe5558f8/export/md", "status_code": 401, "duration_ms": 3.34, "user_id": null, "http_event": "request_complete", "event": "GET /api/artifacts/88265b63-edfc-4054-a218-2832fe5558f8/export/md 401", "timestamp": "2026-02-27T20:11:24.642022Z", "level": "warning", "logger": "ba_assistant"}
HTTP Request: GET http://test/api/artifacts/88265b63-edfc-4054-a218-2832fe5558f8/export/md "HTTP/1.1 401 Unauthorized"
{"category": "api", "correlation_id": "cb66a428-dd09-4aa1-a354-59b2fd52e5ba", "method": "GET", "path": "/api/artifacts/50d38473-2b27-49b5-841d-d2e5f09289af/export/md", "query_params": {}, "user_id": null, "http_event": "request_start", "event": "GET /api/artifacts/50d38473-2b27-49b5-841d-d2e5f09289af/export/md", "timestamp": "2026-02-27T20:11:25.468821Z", "level": "info", "logger": "ba_assistant"}
{"category": "api", "correlation_id": "cb66a428-dd09-4aa1-a354-59b2fd52e5ba", "method": "GET", "path": "/api/artifacts/50d38473-2b27-49b5-841d-d2e5f09289af/export/md", "status_code": 404, "duration_ms": 24.16, "user_id": null, "http_event": "request_complete", "event": "GET /api/artifacts/50d38473-2b27-49b5-841d-d2e5f09289af/export/md 404", "timestamp": "2026-02-27T20:11:25.492918Z", "level": "warning", "logger": "ba_assistant"}
HTTP Request: GET http://test/api/artifacts/50d38473-2b27-49b5-841d-d2e5f09289af/export/md "HTTP/1.1 404 Not Found"
{"category": "api", "correlation_id": "8a604b0b-bfd2-4375-bfb8-7a384f9b354e", "method": "GET", "path": "/api/artifacts/35cf25ef-0ed1-4901-b1fd-d57b0cfb7817/export/md", "query_params": {}, "user_id": null, "http_event": "request_start", "event": "GET /api/artifacts/35cf25ef-0ed1-4901-b1fd-d57b0cfb7817/export/md", "timestamp": "2026-02-27T20:11:26.380680Z", "level": "info", "logger": "ba_assistant"}
{"category": "api", "correlation_id": "8a604b0b-bfd2-4375-bfb8-7a384f9b354e", "method": "GET", "path": "/api/artifacts/35cf25ef-0ed1-4901-b1fd-d57b0cfb7817/export/md", "status_code": 200, "duration_ms": 61.5, "user_id": null, "http_event": "request_complete", "event": "GET /api/artifacts/35cf25ef-0ed1-4901-b1fd-d57b0cfb7817/export/md 200", "timestamp": "2026-02-27T20:11:26.442153Z", "level": "info", "logger": "ba_assistant"}
HTTP Request: GET http://test/api/artifacts/35cf25ef-0ed1-4901-b1fd-d57b0cfb7817/export/md "HTTP/1.1 200 OK"
{"category": "api", "correlation_id": "f25c5e2f-b1af-4ac0-9b5f-3bd35807ce58", "method": "GET", "path": "/api/artifacts/01eb6351-c7d4-43e8-8cce-53defc64a15c/export/md", "query_params": {}, "user_id": null, "http_event": "request_start", "event": "GET /api/artifacts/01eb6351-c7d4-43e8-8cce-53defc64a15c/export/md", "timestamp": "2026-02-27T20:11:27.359749Z", "level": "info", "logger": "ba_assistant"}
{"category": "api", "correlation_id": "f25c5e2f-b1af-4ac0-9b5f-3bd35807ce58", "method": "GET", "path": "/api/artifacts/01eb6351-c7d4-43e8-8cce-53defc64a15c/export/md", "status_code": 404, "duration_ms": 59.59, "user_id": null, "http_event": "request_complete", "event": "GET /api/artifacts/01eb6351-c7d4-43e8-8cce-53defc64a15c/export/md 404", "timestamp": "2026-02-27T20:11:27.419320Z", "level": "warning", "logger": "ba_assistant"}
HTTP Request: GET http://test/api/artifacts/01eb6351-c7d4-43e8-8cce-53defc64a15c/export/md "HTTP/1.1 404 Not Found"
{"category": "api", "correlation_id": "6dd761d0-4053-4050-a752-db0f7cb48c18", "method": "GET", "path": "/api/threads/05319aab-256d-4fe6-a865-dcd2ece9e0a8/artifacts", "query_params": {}, "user_id": null, "http_event": "request_start", "event": "GET /api/threads/05319aab-256d-4fe6-a865-dcd2ece9e0a8/artifacts", "timestamp": "2026-02-27T20:11:28.287867Z", "level": "info", "logger": "ba_assistant"}
{"category": "api", "correlation_id": "6dd761d0-4053-4050-a752-db0f7cb48c18", "method": "GET", "path": "/api/threads/05319aab-256d-4fe6-a865-dcd2ece9e0a8/artifacts", "status_code": 200, "duration_ms": 41.87, "user_id": null, "http_event": "request_complete", "event": "GET /api/threads/05319aab-256d-4fe6-a865-dcd2ece9e0a8/artifacts 200", "timestamp": "2026-02-27T20:11:28.329714Z", "level": "info", "logger": "ba_assistant"}
HTTP Request: GET http://test/api/threads/05319aab-256d-4fe6-a865-dcd2ece9e0a8/artifacts "HTTP/1.1 200 OK"
{"category": "api", "correlation_id": "f081d891-09be-440b-ae63-77f10cd5e34a", "method": "GET", "path": "/api/artifacts/718b0854-21ec-40d5-bc3f-a615d2926854", "query_params": {}, "user_id": null, "http_event": "request_start", "event": "GET /api/artifacts/718b0854-21ec-40d5-bc3f-a615d2926854", "timestamp": "2026-02-27T20:11:29.201524Z", "level": "info", "logger": "ba_assistant"}
{"category": "api", "correlation_id": "f081d891-09be-440b-ae63-77f10cd5e34a", "method": "GET", "path": "/api/artifacts/718b0854-21ec-40d5-bc3f-a615d2926854", "status_code": 200, "duration_ms": 42.13, "user_id": null, "http_event": "request_complete", "event": "GET /api/artifacts/718b0854-21ec-40d5-bc3f-a615d2926854 200", "timestamp": "2026-02-27T20:11:29.243611Z", "level": "info", "logger": "ba_assistant"}
HTTP Request: GET http://test/api/artifacts/718b0854-21ec-40d5-bc3f-a615d2926854 "HTTP/1.1 200 OK"
{"category": "api", "correlation_id": "ba479ecd-b419-48e8-9745-2a0370789f6a", "method": "GET", "path": "/api/artifacts/86841427-ea20-4509-9d5b-de68b7587604/export/md", "query_params": {}, "user_id": null, "http_event": "request_start", "event": "GET /api/artifacts/86841427-ea20-4509-9d5b-de68b7587604/export/md", "timestamp": "2026-02-27T20:11:30.102802Z", "level": "info", "logger": "ba_assistant"}
{"category": "api", "correlation_id": "ba479ecd-b419-48e8-9745-2a0370789f6a", "method": "GET", "path": "/api/artifacts/86841427-ea20-4509-9d5b-de68b7587604/export/md", "status_code": 200, "duration_ms": 44.54, "user_id": null, "http_event": "request_complete", "event": "GET /api/artifacts/86841427-ea20-4509-9d5b-de68b7587604/export/md 200", "timestamp": "2026-02-27T20:11:30.147317Z", "level": "info", "logger": "ba_assistant"}
HTTP Request: GET http://test/api/artifacts/86841427-ea20-4509-9d5b-de68b7587604/export/md "HTTP/1.1 200 OK"
{"category": "api", "correlation_id": "9fae38b8-df2a-41a0-bc83-5fcb3e306e56", "method": "GET", "path": "/api/threads/f9b257da-9360-488e-8c48-9ef3223a7d31/artifacts", "query_params": {}, "user_id": null, "http_event": "request_start", "event": "GET /api/threads/f9b257da-9360-488e-8c48-9ef3223a7d31/artifacts", "timestamp": "2026-02-27T20:11:31.010576Z", "level": "info", "logger": "ba_assistant"}
{"category": "api", "correlation_id": "9fae38b8-df2a-41a0-bc83-5fcb3e306e56", "method": "GET", "path": "/api/threads/f9b257da-9360-488e-8c48-9ef3223a7d31/artifacts", "status_code": 404, "duration_ms": 24.47, "user_id": null, "http_event": "request_complete", "event": "GET /api/threads/f9b257da-9360-488e-8c48-9ef3223a7d31/artifacts 404", "timestamp": "2026-02-27T20:11:31.035004Z", "level": "warning", "logger": "ba_assistant"}
HTTP Request: GET http://test/api/threads/f9b257da-9360-488e-8c48-9ef3223a7d31/artifacts "HTTP/1.1 404 Not Found"
{"category": "api", "correlation_id": "95cc21af-22eb-46b8-a7eb-275a201d5bb8", "method": "GET", "path": "/api/artifacts/e11a70d6-a7f5-4f79-a9d2-ff95084a12b9", "query_params": {}, "user_id": null, "http_event": "request_start", "event": "GET /api/artifacts/e11a70d6-a7f5-4f79-a9d2-ff95084a12b9", "timestamp": "2026-02-27T20:11:31.040153Z", "level": "info", "logger": "ba_assistant"}
{"category": "api", "correlation_id": "95cc21af-22eb-46b8-a7eb-275a201d5bb8", "method": "GET", "path": "/api/artifacts/e11a70d6-a7f5-4f79-a9d2-ff95084a12b9", "status_code": 404, "duration_ms": 41.53, "user_id": null, "http_event": "request_complete", "event": "GET /api/artifacts/e11a70d6-a7f5-4f79-a9d2-ff95084a12b9 404", "timestamp": "2026-02-27T20:11:31.081652Z", "level": "warning", "logger": "ba_assistant"}
HTTP Request: GET http://test/api/artifacts/e11a70d6-a7f5-4f79-a9d2-ff95084a12b9 "HTTP/1.1 404 Not Found"
{"category": "api", "correlation_id": "8f9f1227-7dd8-466b-800e-ced18693d1b2", "method": "GET", "path": "/api/artifacts/e11a70d6-a7f5-4f79-a9d2-ff95084a12b9/export/md", "query_params": {}, "user_id": null, "http_event": "request_start", "event": "GET /api/artifacts/e11a70d6-a7f5-4f79-a9d2-ff95084a12b9/export/md", "timestamp": "2026-02-27T20:11:31.086698Z", "level": "info", "logger": "ba_assistant"}
{"category": "api", "correlation_id": "8f9f1227-7dd8-466b-800e-ced18693d1b2", "method": "GET", "path": "/api/artifacts/e11a70d6-a7f5-4f79-a9d2-ff95084a12b9/export/md", "status_code": 404, "duration_ms": 43.5, "user_id": null, "http_event": "request_complete", "event": "GET /api/artifacts/e11a70d6-a7f5-4f79-a9d2-ff95084a12b9/export/md 404", "timestamp": "2026-02-27T20:11:31.130191Z", "level": "warning", "logger": "ba_assistant"}
HTTP Request: GET http://test/api/artifacts/e11a70d6-a7f5-4f79-a9d2-ff95084a12b9/export/md "HTTP/1.1 404 Not Found"
